2026-05-12 18:58:47.212 [debug] <0.101.0>@lager_handler_watcher:127 Lager installed handler {lager_file_backend,"console.log"} into lager_event
2026-05-12 18:58:47.212 [debug] <0.104.0>@lager_handler_watcher:127 Lager installed handler {lager_file_backend,"error.log"} into lager_event
2026-05-12 18:58:47.222 [debug] <0.110.0>@lager_handler_watcher:127 Lager installed handler error_logger_lager_h into error_logger
2026-05-12 18:58:47.506 [notice] <0.133.0>@vectorcore_aaa_app:start:{7,2} vectorcore-aaa app started
2026-05-12 18:58:47.508 [notice] <0.134.0>@vectorcore_aaa_sup:init:{13,2} vectorcore-aaa starting AAA services
2026-05-12 18:58:47.694 [debug] <0.97.0>@lager_handler_watcher:127 Lager installed handler lager_backend_throttle into lager_event
2026-05-12 18:58:47.698 [notice] <0.135.0>@vectorcore_aaa_diameter:listen:{112,2} vectorcore_aaa Diameter listening on IP 10.90.250.186 port 3868 proto sctp
2026-05-12 18:58:47.731 [error] <0.141.0>@diameter_sctp:s:241 CRASH REPORT Process <0.141.0> with 0 neighbours crashed with reason: no match of right hand value {error,{shutdown,{open,eperm}}} in diameter_sctp:s/4 line 241
2026-05-12 18:58:47.772 [error] <0.129.0>@diameter_sctp:s:241 Supervisor diameter_peer_fsm_sup had child diameter_peer_fsm started with {diameter_peer_fsm,start_link,undefined} at <0.141.0> exit with reason no match of right hand value {error,{shutdown,{open,eperm}}} in diameter_sctp:s/4 line 241 in context child_terminated
2026-05-12 18:58:48.774 [error] <0.150.0>@diameter_sctp:s:241 CRASH REPORT Process <0.150.0> with 0 neighbours crashed with reason: no match of right hand value {error,{shutdown,{open,eperm}}} in diameter_sctp:s/4 line 241
2026-05-12 18:58:48.775 [error] <0.129.0>@diameter_sctp:s:241 Supervisor diameter_peer_fsm_sup had child diameter_peer_fsm started with {diameter_peer_fsm,start_link,undefined} at <0.150.0> exit with reason no match of right hand value {error,{shutdown,{open,eperm}}} in diameter_sctp:s/4 line 241 in context child_terminated
2026-05-12 18:58:49.775 [error] <0.154.0>@diameter_sctp:s:241 CRASH REPORT Process <0.154.0> with 0 neighbours crashed with reason: no match of right hand value {error,{shutdown,{open,eperm}}} in diameter_sctp:s/4 line 241
2026-05-12 18:58:49.776 [error] <0.129.0>@diameter_sctp:s:241 Supervisor diameter_peer_fsm_sup had child diameter_peer_fsm started with {diameter_peer_fsm,start_link,undefined} at <0.154.0> exit with reason no match of right hand value {error,{shutdown,{open,eperm}}} in diameter_sctp:s/4 line 241 in context child_terminated
2026-05-12 18:58:50.778 [error] <0.158.0>@diameter_sctp:s:241 CRASH REPORT Process <0.158.0> with 0 neighbours crashed with reason: no match of right hand value {error,{shutdown,{open,eperm}}} in diameter_sctp:s/4 line 241
2026-05-12 18:58:50.778 [error] <0.129.0>@diameter_sctp:s:241 Supervisor diameter_peer_fsm_sup had child diameter_peer_fsm started with {diameter_peer_fsm,start_link,undefined} at <0.158.0> exit with reason no match of right hand value {error,{shutdown,{open,eperm}}} in diameter_sctp:s/4 line 241 in context child_terminated
2026-05-12 18:58:51.780 [error] <0.162.0>@diameter_sctp:s:241 CRASH REPORT Process <0.162.0> with 0 neighbours crashed with reason: no match of right hand value {error,{shutdown,{open,eperm}}} in diameter_sctp:s/4 line 241
2026-05-12 18:58:51.780 [error] <0.129.0>@diameter_sctp:s:241 Supervisor diameter_peer_fsm_sup had child diameter_peer_fsm started with {diameter_peer_fsm,start_link,undefined} at <0.162.0> exit with reason no match of right hand value {error,{shutdown,{open,eperm}}} in diameter_sctp:s/4 line 241 in context child_terminated
2026-05-12 18:58:51.790 [info] <0.63.0> SIGTERM received - shutting down
2026-05-12 19:04:26.751 [debug] <0.111.0>@lager_handler_watcher:127 Lager installed handler error_logger_lager_h into error_logger
2026-05-12 19:04:26.749 [debug] <0.102.0>@lager_handler_watcher:127 Lager installed handler {lager_file_backend,"console.log"} into lager_event
2026-05-12 19:04:26.749 [debug] <0.105.0>@lager_handler_watcher:127 Lager installed handler {lager_file_backend,"error.log"} into lager_event
2026-05-12 19:04:27.031 [notice] <0.134.0>@vectorcore_aaa_app:start:{7,2} vectorcore-aaa app started
2026-05-12 19:04:27.032 [notice] <0.135.0>@vectorcore_aaa_sup:init:{13,2} vectorcore-aaa starting AAA services
2026-05-12 19:04:27.210 [notice] <0.136.0>@vectorcore_aaa_diameter:listen:{112,2} vectorcore_aaa Diameter listening on IP 10.90.250.186 port 3868 proto sctp
2026-05-12 19:04:27.217 [notice] <0.136.0>@vectorcore_aaa_diameter:connect:{124,2} vectorcore_aaa Diameter connecting to IP 10.90.250.35 port 3868 proto sctp
2026-05-12 19:04:27.230 [debug] <0.98.0>@lager_handler_watcher:127 Lager installed handler lager_backend_throttle into lager_event
2026-05-12 19:05:04.910 [debug] <0.105.0>@lager_handler_watcher:127 Lager installed handler {lager_file_backend,"error.log"} into lager_event
2026-05-12 19:05:04.911 [debug] <0.111.0>@lager_handler_watcher:127 Lager installed handler error_logger_lager_h into error_logger
2026-05-12 19:05:04.910 [debug] <0.102.0>@lager_handler_watcher:127 Lager installed handler {lager_file_backend,"console.log"} into lager_event
2026-05-12 19:05:05.202 [notice] <0.134.0>@vectorcore_aaa_app:start:{7,2} vectorcore-aaa app started
2026-05-12 19:05:05.203 [notice] <0.135.0>@vectorcore_aaa_sup:init:{13,2} vectorcore-aaa starting AAA services
2026-05-12 19:05:05.389 [notice] <0.136.0>@vectorcore_aaa_diameter:listen:{112,2} vectorcore_aaa Diameter listening on IP 10.90.250.186 port 3868 proto sctp
2026-05-12 19:05:05.391 [debug] <0.98.0>@lager_handler_watcher:127 Lager installed handler lager_backend_throttle into lager_event
2026-05-12 19:05:05.397 [notice] <0.136.0>@vectorcore_aaa_diameter:connect:{124,2} vectorcore_aaa Diameter connecting to IP 10.90.250.35 port 3868 proto sctp
2026-05-12 19:10:56.395 [debug] <0.111.0>@lager_handler_watcher:127 Lager installed handler error_logger_lager_h into error_logger
2026-05-12 19:10:56.394 [debug] <0.105.0>@lager_handler_watcher:127 Lager installed handler {lager_file_backend,"error.log"} into lager_event
2026-05-12 19:10:56.394 [debug] <0.102.0>@lager_handler_watcher:127 Lager installed handler {lager_file_backend,"console.log"} into lager_event
2026-05-12 19:10:56.690 [notice] <0.134.0>@vectorcore_aaa_app:start:{7,2} vectorcore-aaa app started
2026-05-12 19:10:56.692 [notice] <0.135.0>@vectorcore_aaa_sup:init:{13,2} vectorcore-aaa starting AAA services
2026-05-12 19:10:56.876 [debug] <0.98.0>@lager_handler_watcher:127 Lager installed handler lager_backend_throttle into lager_event
2026-05-12 19:10:56.897 [notice] <0.136.0>@vectorcore_aaa_diameter:listen:{112,2} vectorcore_aaa Diameter listening on IP 10.90.250.186 port 3868 proto sctp
2026-05-12 19:10:56.911 [notice] <0.136.0>@vectorcore_aaa_diameter:connect:{124,2} vectorcore_aaa Diameter connecting to IP 10.90.250.35 port 3868 proto sctp
2026-05-12 19:13:09.061 [debug] <0.105.0>@lager_handler_watcher:127 Lager installed handler {lager_file_backend,"error.log"} into lager_event
2026-05-12 19:13:09.061 [debug] <0.102.0>@lager_handler_watcher:127 Lager installed handler {lager_file_backend,"console.log"} into lager_event
2026-05-12 19:13:09.069 [debug] <0.111.0>@lager_handler_watcher:127 Lager installed handler error_logger_lager_h into error_logger
2026-05-12 19:13:09.386 [notice] <0.134.0>@vectorcore_aaa_app:start:{7,2} vectorcore-aaa app started
2026-05-12 19:13:09.389 [notice] <0.135.0>@vectorcore_aaa_sup:init:{13,2} vectorcore-aaa starting AAA services
2026-05-12 19:13:09.546 [debug] <0.98.0>@lager_handler_watcher:127 Lager installed handler lager_backend_throttle into lager_event
2026-05-12 19:13:09.574 [notice] <0.136.0>@vectorcore_aaa_diameter:listen:{112,2} vectorcore_aaa Diameter listening on IP 10.90.250.186 port 3868 proto sctp
2026-05-12 19:13:09.582 [notice] <0.136.0>@vectorcore_aaa_diameter:connect:{124,2} vectorcore_aaa Diameter connecting to IP 10.90.250.35 port 3868 proto sctp
2026-05-12 19:14:11.469 [info] <0.138.0>@aaa_diameter_swx_cb:peer_up:{52,5} Peer up: {<0.146.0>,{diameter_caps,{"aaa.epc.mnc435.mcc311.3gppnetwork.org","dra01.epc.mnc435.mcc311.3gppnetwork.org"},{"epc.mnc435.mcc311.3gppnetwork.org","epc.mnc435.mcc311.3gppnetwork.org"},{[{10,90,250,186}],[{10,90,250,35}]},{0,0},{"vectorcore-aaa","VectorCore DRA"},{[],[1777226299]},{[10415,13019,5535],[10415]},{[],[4294967295]},{[],[0]},{[],[]},{[{'diameter_base_Vendor-Specific-Application-Id',10415,[16777264],[]},{'diameter_base_Vendor-Specific-Application-Id',10415,[16777272],[]},{'diameter_base_Vendor-Specific-Application-Id',10415,[16777265],[]}],[]},{[],[1]},{[],[]}}}
2026-05-12 19:14:11.472 [info] <0.138.0>@aaa_diameter_s6b_cb:peer_up:{53,5} Peer up: {<0.146.0>,{diameter_caps,{"aaa.epc.mnc435.mcc311.3gppnetwork.org","dra01.epc.mnc435.mcc311.3gppnetwork.org"},{"epc.mnc435.mcc311.3gppnetwork.org","epc.mnc435.mcc311.3gppnetwork.org"},{[{10,90,250,186}],[{10,90,250,35}]},{0,0},{"vectorcore-aaa","VectorCore DRA"},{[],[1777226299]},{[10415,13019,5535],[10415]},{[],[4294967295]},{[],[0]},{[],[]},{[{'diameter_base_Vendor-Specific-Application-Id',10415,[16777264],[]},{'diameter_base_Vendor-Specific-Application-Id',10415,[16777272],[]},{'diameter_base_Vendor-Specific-Application-Id',10415,[16777265],[]}],[]},{[],[1]},{[],[]}}}
2026-05-12 19:14:11.487 [info] <0.138.0>@aaa_diameter_swm_cb:peer_up:{23,2} SWm peer up: {<0.146.0>,{diameter_caps,{"aaa.epc.mnc435.mcc311.3gppnetwork.org","dra01.epc.mnc435.mcc311.3gppnetwork.org"},{"epc.mnc435.mcc311.3gppnetwork.org","epc.mnc435.mcc311.3gppnetwork.org"},{[{10,90,250,186}],[{10,90,250,35}]},{0,0},{"vectorcore-aaa","VectorCore DRA"},{[],[1777226299]},{[10415,13019,5535],[10415]},{[],[4294967295]},{[],[0]},{[],[]},{[{'diameter_base_Vendor-Specific-Application-Id',10415,[16777264],[]},{'diameter_base_Vendor-Specific-Application-Id',10415,[16777272],[]},{'diameter_base_Vendor-Specific-Application-Id',10415,[16777265],[]}],[]},{[],[1]},{[],[]}}}
2026-05-12 19:15:38.486 [info] <0.138.0>@aaa_diameter_swx_cb:peer_down:{57,5} Peer down: {<0.146.0>,{diameter_caps,{"aaa.epc.mnc435.mcc311.3gppnetwork.org","dra01.epc.mnc435.mcc311.3gppnetwork.org"},{"epc.mnc435.mcc311.3gppnetwork.org","epc.mnc435.mcc311.3gppnetwork.org"},{[{10,90,250,186}],[{10,90,250,35}]},{0,0},{"vectorcore-aaa","VectorCore DRA"},{[],[1777226299]},{[10415,13019,5535],[10415]},{[],[4294967295]},{[],[0]},{[],[]},{[{'diameter_base_Vendor-Specific-Application-Id',10415,[16777264],[]},{'diameter_base_Vendor-Specific-Application-Id',10415,[16777272],[]},{'diameter_base_Vendor-Specific-Application-Id',10415,[16777265],[]}],[]},{[],[1]},{[],[]}}}
2026-05-12 19:15:38.486 [info] <0.138.0>@aaa_diameter_s6b_cb:peer_down:{58,5} Peer down: {<0.146.0>,{diameter_caps,{"aaa.epc.mnc435.mcc311.3gppnetwork.org","dra01.epc.mnc435.mcc311.3gppnetwork.org"},{"epc.mnc435.mcc311.3gppnetwork.org","epc.mnc435.mcc311.3gppnetwork.org"},{[{10,90,250,186}],[{10,90,250,35}]},{0,0},{"vectorcore-aaa","VectorCore DRA"},{[],[1777226299]},{[10415,13019,5535],[10415]},{[],[4294967295]},{[],[0]},{[],[]},{[{'diameter_base_Vendor-Specific-Application-Id',10415,[16777264],[]},{'diameter_base_Vendor-Specific-Application-Id',10415,[16777272],[]},{'diameter_base_Vendor-Specific-Application-Id',10415,[16777265],[]}],[]},{[],[1]},{[],[]}}}
2026-05-12 19:15:38.486 [info] <0.138.0>@aaa_diameter_swm_cb:peer_down:{27,2} SWm peer down: {<0.146.0>,{diameter_caps,{"aaa.epc.mnc435.mcc311.3gppnetwork.org","dra01.epc.mnc435.mcc311.3gppnetwork.org"},{"epc.mnc435.mcc311.3gppnetwork.org","epc.mnc435.mcc311.3gppnetwork.org"},{[{10,90,250,186}],[{10,90,250,35}]},{0,0},{"vectorcore-aaa","VectorCore DRA"},{[],[1777226299]},{[10415,13019,5535],[10415]},{[],[4294967295]},{[],[0]},{[],[]},{[{'diameter_base_Vendor-Specific-Application-Id',10415,[16777264],[]},{'diameter_base_Vendor-Specific-Application-Id',10415,[16777272],[]},{'diameter_base_Vendor-Specific-Application-Id',10415,[16777265],[]}],[]},{[],[1]},{[],[]}}}
2026-05-12 19:18:13.620 [debug] <0.111.0>@lager_handler_watcher:127 Lager installed handler error_logger_lager_h into error_logger
2026-05-12 19:18:13.618 [debug] <0.105.0>@lager_handler_watcher:127 Lager installed handler {lager_file_backend,"error.log"} into lager_event
2026-05-12 19:18:13.618 [debug] <0.102.0>@lager_handler_watcher:127 Lager installed handler {lager_file_backend,"console.log"} into lager_event
2026-05-12 19:18:13.943 [notice] <0.134.0>@vectorcore_aaa_app:start:{7,2} vectorcore-aaa app started
2026-05-12 19:18:13.944 [notice] <0.135.0>@vectorcore_aaa_sup:init:{13,2} vectorcore-aaa starting AAA services
2026-05-12 19:18:14.096 [debug] <0.98.0>@lager_handler_watcher:127 Lager installed handler lager_backend_throttle into lager_event
2026-05-12 19:18:14.128 [notice] <0.136.0>@vectorcore_aaa_diameter:listen:{112,2} vectorcore_aaa Diameter listening on IP 10.90.250.186 port 3868 proto sctp
2026-05-12 19:18:22.145 [info] <0.138.0>@aaa_diameter_swx_cb:peer_up:{52,5} Peer up: {<0.142.0>,{diameter_caps,{"aaa.epc.mnc435.mcc311.3gppnetwork.org","dra01.epc.mnc435.mcc311.3gppnetwork.org"},{"epc.mnc435.mcc311.3gppnetwork.org","epc.mnc435.mcc311.3gppnetwork.org"},{[{10,90,250,186}],[{10,90,250,35}]},{0,0},{"vectorcore-aaa","VectorCore DRA"},{[],[1777226299]},{[10415,13019,5535],[10415]},{[],[4294967295]},{[],[0]},{[],[]},{[{'diameter_base_Vendor-Specific-Application-Id',10415,[16777264],[]},{'diameter_base_Vendor-Specific-Application-Id',10415,[16777272],[]},{'diameter_base_Vendor-Specific-Application-Id',10415,[16777265],[]}],[]},{[],[1]},{[],[]}}}
2026-05-12 19:18:22.149 [info] <0.138.0>@aaa_diameter_s6b_cb:peer_up:{53,5} Peer up: {<0.142.0>,{diameter_caps,{"aaa.epc.mnc435.mcc311.3gppnetwork.org","dra01.epc.mnc435.mcc311.3gppnetwork.org"},{"epc.mnc435.mcc311.3gppnetwork.org","epc.mnc435.mcc311.3gppnetwork.org"},{[{10,90,250,186}],[{10,90,250,35}]},{0,0},{"vectorcore-aaa","VectorCore DRA"},{[],[1777226299]},{[10415,13019,5535],[10415]},{[],[4294967295]},{[],[0]},{[],[]},{[{'diameter_base_Vendor-Specific-Application-Id',10415,[16777264],[]},{'diameter_base_Vendor-Specific-Application-Id',10415,[16777272],[]},{'diameter_base_Vendor-Specific-Application-Id',10415,[16777265],[]}],[]},{[],[1]},{[],[]}}}
2026-05-12 19:18:22.153 [info] <0.138.0>@aaa_diameter_swm_cb:peer_up:{23,2} SWm peer up: {<0.142.0>,{diameter_caps,{"aaa.epc.mnc435.mcc311.3gppnetwork.org","dra01.epc.mnc435.mcc311.3gppnetwork.org"},{"epc.mnc435.mcc311.3gppnetwork.org","epc.mnc435.mcc311.3gppnetwork.org"},{[{10,90,250,186}],[{10,90,250,35}]},{0,0},{"vectorcore-aaa","VectorCore DRA"},{[],[1777226299]},{[10415,13019,5535],[10415]},{[],[4294967295]},{[],[0]},{[],[]},{[{'diameter_base_Vendor-Specific-Application-Id',10415,[16777264],[]},{'diameter_base_Vendor-Specific-Application-Id',10415,[16777272],[]},{'diameter_base_Vendor-Specific-Application-Id',10415,[16777265],[]}],[]},{[],[1]},{[],[]}}}
2026-05-12 19:24:40.610 [info] <0.138.0>@aaa_diameter_swx_cb:peer_down:{57,5} Peer down: {<0.142.0>,{diameter_caps,{"aaa.epc.mnc435.mcc311.3gppnetwork.org","dra01.epc.mnc435.mcc311.3gppnetwork.org"},{"epc.mnc435.mcc311.3gppnetwork.org","epc.mnc435.mcc311.3gppnetwork.org"},{[{10,90,250,186}],[{10,90,250,35}]},{0,0},{"vectorcore-aaa","VectorCore DRA"},{[],[1777226299]},{[10415,13019,5535],[10415]},{[],[4294967295]},{[],[0]},{[],[]},{[{'diameter_base_Vendor-Specific-Application-Id',10415,[16777264],[]},{'diameter_base_Vendor-Specific-Application-Id',10415,[16777272],[]},{'diameter_base_Vendor-Specific-Application-Id',10415,[16777265],[]}],[]},{[],[1]},{[],[]}}}
2026-05-12 19:24:40.610 [info] <0.138.0>@aaa_diameter_s6b_cb:peer_down:{58,5} Peer down: {<0.142.0>,{diameter_caps,{"aaa.epc.mnc435.mcc311.3gppnetwork.org","dra01.epc.mnc435.mcc311.3gppnetwork.org"},{"epc.mnc435.mcc311.3gppnetwork.org","epc.mnc435.mcc311.3gppnetwork.org"},{[{10,90,250,186}],[{10,90,250,35}]},{0,0},{"vectorcore-aaa","VectorCore DRA"},{[],[1777226299]},{[10415,13019,5535],[10415]},{[],[4294967295]},{[],[0]},{[],[]},{[{'diameter_base_Vendor-Specific-Application-Id',10415,[16777264],[]},{'diameter_base_Vendor-Specific-Application-Id',10415,[16777272],[]},{'diameter_base_Vendor-Specific-Application-Id',10415,[16777265],[]}],[]},{[],[1]},{[],[]}}}
2026-05-12 19:24:40.611 [info] <0.138.0>@aaa_diameter_swm_cb:peer_down:{27,2} SWm peer down: {<0.142.0>,{diameter_caps,{"aaa.epc.mnc435.mcc311.3gppnetwork.org","dra01.epc.mnc435.mcc311.3gppnetwork.org"},{"epc.mnc435.mcc311.3gppnetwork.org","epc.mnc435.mcc311.3gppnetwork.org"},{[{10,90,250,186}],[{10,90,250,35}]},{0,0},{"vectorcore-aaa","VectorCore DRA"},{[],[1777226299]},{[10415,13019,5535],[10415]},{[],[4294967295]},{[],[0]},{[],[]},{[{'diameter_base_Vendor-Specific-Application-Id',10415,[16777264],[]},{'diameter_base_Vendor-Specific-Application-Id',10415,[16777272],[]},{'diameter_base_Vendor-Specific-Application-Id',10415,[16777265],[]}],[]},{[],[1]},{[],[]}}}
2026-05-12 19:24:41.716 [info] <0.138.0>@aaa_diameter_swx_cb:peer_up:{52,5} Peer up: {<0.152.0>,{diameter_caps,{"aaa.epc.mnc435.mcc311.3gppnetwork.org","dra01.epc.mnc435.mcc311.3gppnetwork.org"},{"epc.mnc435.mcc311.3gppnetwork.org","epc.mnc435.mcc311.3gppnetwork.org"},{[{10,90,250,186}],[{10,90,250,35}]},{0,0},{"vectorcore-aaa","VectorCore DRA"},{[],[1777226299]},{[10415,13019,5535],[10415]},{[],[4294967295]},{[],[0]},{[],[]},{[{'diameter_base_Vendor-Specific-Application-Id',10415,[16777264],[]},{'diameter_base_Vendor-Specific-Application-Id',10415,[16777272],[]},{'diameter_base_Vendor-Specific-Application-Id',10415,[16777265],[]}],[]},{[],[1]},{[],[]}}}
2026-05-12 19:24:41.717 [info] <0.138.0>@aaa_diameter_s6b_cb:peer_up:{53,5} Peer up: {<0.152.0>,{diameter_caps,{"aaa.epc.mnc435.mcc311.3gppnetwork.org","dra01.epc.mnc435.mcc311.3gppnetwork.org"},{"epc.mnc435.mcc311.3gppnetwork.org","epc.mnc435.mcc311.3gppnetwork.org"},{[{10,90,250,186}],[{10,90,250,35}]},{0,0},{"vectorcore-aaa","VectorCore DRA"},{[],[1777226299]},{[10415,13019,5535],[10415]},{[],[4294967295]},{[],[0]},{[],[]},{[{'diameter_base_Vendor-Specific-Application-Id',10415,[16777264],[]},{'diameter_base_Vendor-Specific-Application-Id',10415,[16777272],[]},{'diameter_base_Vendor-Specific-Application-Id',10415,[16777265],[]}],[]},{[],[1]},{[],[]}}}
2026-05-12 19:24:41.717 [info] <0.138.0>@aaa_diameter_swm_cb:peer_up:{23,2} SWm peer up: {<0.152.0>,{diameter_caps,{"aaa.epc.mnc435.mcc311.3gppnetwork.org","dra01.epc.mnc435.mcc311.3gppnetwork.org"},{"epc.mnc435.mcc311.3gppnetwork.org","epc.mnc435.mcc311.3gppnetwork.org"},{[{10,90,250,186}],[{10,90,250,35}]},{0,0},{"vectorcore-aaa","VectorCore DRA"},{[],[1777226299]},{[10415,13019,5535],[10415]},{[],[4294967295]},{[],[0]},{[],[]},{[{'diameter_base_Vendor-Specific-Application-Id',10415,[16777264],[]},{'diameter_base_Vendor-Specific-Application-Id',10415,[16777272],[]},{'diameter_base_Vendor-Specific-Application-Id',10415,[16777265],[]}],[]},{[],[1]},{[],[]}}}
2026-05-12 19:34:00.466 [debug] <0.111.0>@lager_handler_watcher:127 Lager installed handler error_logger_lager_h into error_logger
2026-05-12 19:34:00.465 [debug] <0.102.0>@lager_handler_watcher:127 Lager installed handler {lager_file_backend,"console.log"} into lager_event
2026-05-12 19:34:00.465 [debug] <0.105.0>@lager_handler_watcher:127 Lager installed handler {lager_file_backend,"error.log"} into lager_event
2026-05-12 19:34:00.742 [notice] <0.134.0>@vectorcore_aaa_app:start:{7,2} vectorcore-aaa app started
2026-05-12 19:34:00.743 [notice] <0.135.0>@vectorcore_aaa_sup:init:{13,2} vectorcore-aaa starting AAA services
2026-05-12 19:34:00.921 [notice] <0.136.0>@vectorcore_aaa_diameter:listen:{112,2} vectorcore_aaa Diameter listening on IP 10.90.250.186 port 3868 proto sctp
2026-05-12 19:34:00.946 [debug] <0.98.0>@lager_handler_watcher:127 Lager installed handler lager_backend_throttle into lager_event
2026-05-12 19:34:01.996 [info] <0.138.0>@aaa_diameter_swx_cb:peer_up:{52,5} Peer up: {<0.142.0>,{diameter_caps,{"aaa.epc.mnc435.mcc311.3gppnetwork.org","dra01.epc.mnc435.mcc311.3gppnetwork.org"},{"epc.mnc435.mcc311.3gppnetwork.org","epc.mnc435.mcc311.3gppnetwork.org"},{[{10,90,250,186}],[{10,90,250,35}]},{0,0},{"vectorcore-aaa","VectorCore DRA"},{[],[1777226299]},{[10415,13019,5535],[10415]},{[],[4294967295]},{[],[0]},{[],[]},{[{'diameter_base_Vendor-Specific-Application-Id',10415,[16777264],[]},{'diameter_base_Vendor-Specific-Application-Id',10415,[16777272],[]},{'diameter_base_Vendor-Specific-Application-Id',10415,[16777265],[]}],[]},{[],[1]},{[],[]}}}
2026-05-12 19:34:02.002 [info] <0.138.0>@aaa_diameter_s6b_cb:peer_up:{53,5} Peer up: {<0.142.0>,{diameter_caps,{"aaa.epc.mnc435.mcc311.3gppnetwork.org","dra01.epc.mnc435.mcc311.3gppnetwork.org"},{"epc.mnc435.mcc311.3gppnetwork.org","epc.mnc435.mcc311.3gppnetwork.org"},{[{10,90,250,186}],[{10,90,250,35}]},{0,0},{"vectorcore-aaa","VectorCore DRA"},{[],[1777226299]},{[10415,13019,5535],[10415]},{[],[4294967295]},{[],[0]},{[],[]},{[{'diameter_base_Vendor-Specific-Application-Id',10415,[16777264],[]},{'diameter_base_Vendor-Specific-Application-Id',10415,[16777272],[]},{'diameter_base_Vendor-Specific-Application-Id',10415,[16777265],[]}],[]},{[],[1]},{[],[]}}}
2026-05-12 19:34:02.006 [info] <0.138.0>@aaa_diameter_swm_cb:peer_up:{23,2} SWm peer up: {<0.142.0>,{diameter_caps,{"aaa.epc.mnc435.mcc311.3gppnetwork.org","dra01.epc.mnc435.mcc311.3gppnetwork.org"},{"epc.mnc435.mcc311.3gppnetwork.org","epc.mnc435.mcc311.3gppnetwork.org"},{[{10,90,250,186}],[{10,90,250,35}]},{0,0},{"vectorcore-aaa","VectorCore DRA"},{[],[1777226299]},{[10415,13019,5535],[10415]},{[],[4294967295]},{[],[0]},{[],[]},{[{'diameter_base_Vendor-Specific-Application-Id',10415,[16777264],[]},{'diameter_base_Vendor-Specific-Application-Id',10415,[16777272],[]},{'diameter_base_Vendor-Specific-Application-Id',10415,[16777265],[]}],[]},{[],[1]},{[],[]}}}
2026-05-12 20:14:54.131 [info] <0.138.0>@aaa_diameter_swx_cb:peer_down:{57,5} Peer down: {<0.142.0>,{diameter_caps,{"aaa.epc.mnc435.mcc311.3gppnetwork.org","dra01.epc.mnc435.mcc311.3gppnetwork.org"},{"epc.mnc435.mcc311.3gppnetwork.org","epc.mnc435.mcc311.3gppnetwork.org"},{[{10,90,250,186}],[{10,90,250,35}]},{0,0},{"vectorcore-aaa","VectorCore DRA"},{[],[1777226299]},{[10415,13019,5535],[10415]},{[],[4294967295]},{[],[0]},{[],[]},{[{'diameter_base_Vendor-Specific-Application-Id',10415,[16777264],[]},{'diameter_base_Vendor-Specific-Application-Id',10415,[16777272],[]},{'diameter_base_Vendor-Specific-Application-Id',10415,[16777265],[]}],[]},{[],[1]},{[],[]}}}
2026-05-12 20:14:54.131 [info] <0.138.0>@aaa_diameter_s6b_cb:peer_down:{58,5} Peer down: {<0.142.0>,{diameter_caps,{"aaa.epc.mnc435.mcc311.3gppnetwork.org","dra01.epc.mnc435.mcc311.3gppnetwork.org"},{"epc.mnc435.mcc311.3gppnetwork.org","epc.mnc435.mcc311.3gppnetwork.org"},{[{10,90,250,186}],[{10,90,250,35}]},{0,0},{"vectorcore-aaa","VectorCore DRA"},{[],[1777226299]},{[10415,13019,5535],[10415]},{[],[4294967295]},{[],[0]},{[],[]},{[{'diameter_base_Vendor-Specific-Application-Id',10415,[16777264],[]},{'diameter_base_Vendor-Specific-Application-Id',10415,[16777272],[]},{'diameter_base_Vendor-Specific-Application-Id',10415,[16777265],[]}],[]},{[],[1]},{[],[]}}}
2026-05-12 20:14:54.132 [info] <0.138.0>@aaa_diameter_swm_cb:peer_down:{27,2} SWm peer down: {<0.142.0>,{diameter_caps,{"aaa.epc.mnc435.mcc311.3gppnetwork.org","dra01.epc.mnc435.mcc311.3gppnetwork.org"},{"epc.mnc435.mcc311.3gppnetwork.org","epc.mnc435.mcc311.3gppnetwork.org"},{[{10,90,250,186}],[{10,90,250,35}]},{0,0},{"vectorcore-aaa","VectorCore DRA"},{[],[1777226299]},{[10415,13019,5535],[10415]},{[],[4294967295]},{[],[0]},{[],[]},{[{'diameter_base_Vendor-Specific-Application-Id',10415,[16777264],[]},{'diameter_base_Vendor-Specific-Application-Id',10415,[16777272],[]},{'diameter_base_Vendor-Specific-Application-Id',10415,[16777265],[]}],[]},{[],[1]},{[],[]}}}
2026-05-12 20:16:04.487 [info] <0.138.0>@aaa_diameter_swx_cb:peer_up:{52,5} Peer up: {<0.152.0>,{diameter_caps,{"aaa.epc.mnc435.mcc311.3gppnetwork.org","dra01.epc.mnc435.mcc311.3gppnetwork.org"},{"epc.mnc435.mcc311.3gppnetwork.org","epc.mnc435.mcc311.3gppnetwork.org"},{[{10,90,250,186}],[{10,90,250,35}]},{0,0},{"vectorcore-aaa","VectorCore DRA"},{[],[1778616964]},{[10415,13019,5535],[10415]},{[],[4294967295]},{[],[0]},{[],[]},{[{'diameter_base_Vendor-Specific-Application-Id',10415,[16777264],[]},{'diameter_base_Vendor-Specific-Application-Id',10415,[16777272],[]},{'diameter_base_Vendor-Specific-Application-Id',10415,[16777265],[]}],[]},{[],[1]},{[],[]}}}
2026-05-12 20:16:04.487 [info] <0.138.0>@aaa_diameter_s6b_cb:peer_up:{53,5} Peer up: {<0.152.0>,{diameter_caps,{"aaa.epc.mnc435.mcc311.3gppnetwork.org","dra01.epc.mnc435.mcc311.3gppnetwork.org"},{"epc.mnc435.mcc311.3gppnetwork.org","epc.mnc435.mcc311.3gppnetwork.org"},{[{10,90,250,186}],[{10,90,250,35}]},{0,0},{"vectorcore-aaa","VectorCore DRA"},{[],[1778616964]},{[10415,13019,5535],[10415]},{[],[4294967295]},{[],[0]},{[],[]},{[{'diameter_base_Vendor-Specific-Application-Id',10415,[16777264],[]},{'diameter_base_Vendor-Specific-Application-Id',10415,[16777272],[]},{'diameter_base_Vendor-Specific-Application-Id',10415,[16777265],[]}],[]},{[],[1]},{[],[]}}}
2026-05-12 20:16:04.487 [info] <0.138.0>@aaa_diameter_swm_cb:peer_up:{23,2} SWm peer up: {<0.152.0>,{diameter_caps,{"aaa.epc.mnc435.mcc311.3gppnetwork.org","dra01.epc.mnc435.mcc311.3gppnetwork.org"},{"epc.mnc435.mcc311.3gppnetwork.org","epc.mnc435.mcc311.3gppnetwork.org"},{[{10,90,250,186}],[{10,90,250,35}]},{0,0},{"vectorcore-aaa","VectorCore DRA"},{[],[1778616964]},{[10415,13019,5535],[10415]},{[],[4294967295]},{[],[0]},{[],[]},{[{'diameter_base_Vendor-Specific-Application-Id',10415,[16777264],[]},{'diameter_base_Vendor-Specific-Application-Id',10415,[16777272],[]},{'diameter_base_Vendor-Specific-Application-Id',10415,[16777265],[]}],[]},{[],[1]},{[],[]}}}
2026-05-12 20:35:05.301 [info] <0.138.0>@aaa_diameter_swx_cb:peer_down:{57,5} Peer down: {<0.152.0>,{diameter_caps,{"aaa.epc.mnc435.mcc311.3gppnetwork.org","dra01.epc.mnc435.mcc311.3gppnetwork.org"},{"epc.mnc435.mcc311.3gppnetwork.org","epc.mnc435.mcc311.3gppnetwork.org"},{[{10,90,250,186}],[{10,90,250,35}]},{0,0},{"vectorcore-aaa","VectorCore DRA"},{[],[1778616964]},{[10415,13019,5535],[10415]},{[],[4294967295]},{[],[0]},{[],[]},{[{'diameter_base_Vendor-Specific-Application-Id',10415,[16777264],[]},{'diameter_base_Vendor-Specific-Application-Id',10415,[16777272],[]},{'diameter_base_Vendor-Specific-Application-Id',10415,[16777265],[]}],[]},{[],[1]},{[],[]}}}
2026-05-12 20:35:05.301 [info] <0.138.0>@aaa_diameter_s6b_cb:peer_down:{58,5} Peer down: {<0.152.0>,{diameter_caps,{"aaa.epc.mnc435.mcc311.3gppnetwork.org","dra01.epc.mnc435.mcc311.3gppnetwork.org"},{"epc.mnc435.mcc311.3gppnetwork.org","epc.mnc435.mcc311.3gppnetwork.org"},{[{10,90,250,186}],[{10,90,250,35}]},{0,0},{"vectorcore-aaa","VectorCore DRA"},{[],[1778616964]},{[10415,13019,5535],[10415]},{[],[4294967295]},{[],[0]},{[],[]},{[{'diameter_base_Vendor-Specific-Application-Id',10415,[16777264],[]},{'diameter_base_Vendor-Specific-Application-Id',10415,[16777272],[]},{'diameter_base_Vendor-Specific-Application-Id',10415,[16777265],[]}],[]},{[],[1]},{[],[]}}}
2026-05-12 20:35:05.301 [info] <0.138.0>@aaa_diameter_swm_cb:peer_down:{27,2} SWm peer down: {<0.152.0>,{diameter_caps,{"aaa.epc.mnc435.mcc311.3gppnetwork.org","dra01.epc.mnc435.mcc311.3gppnetwork.org"},{"epc.mnc435.mcc311.3gppnetwork.org","epc.mnc435.mcc311.3gppnetwork.org"},{[{10,90,250,186}],[{10,90,250,35}]},{0,0},{"vectorcore-aaa","VectorCore DRA"},{[],[1778616964]},{[10415,13019,5535],[10415]},{[],[4294967295]},{[],[0]},{[],[]},{[{'diameter_base_Vendor-Specific-Application-Id',10415,[16777264],[]},{'diameter_base_Vendor-Specific-Application-Id',10415,[16777272],[]},{'diameter_base_Vendor-Specific-Application-Id',10415,[16777265],[]}],[]},{[],[1]},{[],[]}}}
2026-05-12 20:36:30.092 [info] <0.138.0>@aaa_diameter_swx_cb:peer_up:{52,5} Peer up: {<0.157.0>,{diameter_caps,{"aaa.epc.mnc435.mcc311.3gppnetwork.org","dra01.epc.mnc435.mcc311.3gppnetwork.org"},{"epc.mnc435.mcc311.3gppnetwork.org","epc.mnc435.mcc311.3gppnetwork.org"},{[{10,90,250,186}],[{10,90,250,35}]},{0,0},{"vectorcore-aaa","VectorCore DRA"},{[],[1778618128]},{[10415,13019,5535],[10415]},{[],[4294967295]},{[],[0]},{[],[]},{[{'diameter_base_Vendor-Specific-Application-Id',10415,[16777264],[]},{'diameter_base_Vendor-Specific-Application-Id',10415,[16777272],[]},{'diameter_base_Vendor-Specific-Application-Id',10415,[16777265],[]}],[]},{[],[1]},{[],[]}}}
2026-05-12 20:36:30.092 [info] <0.138.0>@aaa_diameter_s6b_cb:peer_up:{53,5} Peer up: {<0.157.0>,{diameter_caps,{"aaa.epc.mnc435.mcc311.3gppnetwork.org","dra01.epc.mnc435.mcc311.3gppnetwork.org"},{"epc.mnc435.mcc311.3gppnetwork.org","epc.mnc435.mcc311.3gppnetwork.org"},{[{10,90,250,186}],[{10,90,250,35}]},{0,0},{"vectorcore-aaa","VectorCore DRA"},{[],[1778618128]},{[10415,13019,5535],[10415]},{[],[4294967295]},{[],[0]},{[],[]},{[{'diameter_base_Vendor-Specific-Application-Id',10415,[16777264],[]},{'diameter_base_Vendor-Specific-Application-Id',10415,[16777272],[]},{'diameter_base_Vendor-Specific-Application-Id',10415,[16777265],[]}],[]},{[],[1]},{[],[]}}}
2026-05-12 20:36:30.092 [info] <0.138.0>@aaa_diameter_swm_cb:peer_up:{23,2} SWm peer up: {<0.157.0>,{diameter_caps,{"aaa.epc.mnc435.mcc311.3gppnetwork.org","dra01.epc.mnc435.mcc311.3gppnetwork.org"},{"epc.mnc435.mcc311.3gppnetwork.org","epc.mnc435.mcc311.3gppnetwork.org"},{[{10,90,250,186}],[{10,90,250,35}]},{0,0},{"vectorcore-aaa","VectorCore DRA"},{[],[1778618128]},{[10415,13019,5535],[10415]},{[],[4294967295]},{[],[0]},{[],[]},{[{'diameter_base_Vendor-Specific-Application-Id',10415,[16777264],[]},{'diameter_base_Vendor-Specific-Application-Id',10415,[16777272],[]},{'diameter_base_Vendor-Specific-Application-Id',10415,[16777265],[]}],[]},{[],[1]},{[],[]}}}
2026-05-12 20:46:21.776 [info] <0.138.0>@aaa_diameter_swx_cb:peer_down:{57,5} Peer down: {<0.157.0>,{diameter_caps,{"aaa.epc.mnc435.mcc311.3gppnetwork.org","dra01.epc.mnc435.mcc311.3gppnetwork.org"},{"epc.mnc435.mcc311.3gppnetwork.org","epc.mnc435.mcc311.3gppnetwork.org"},{[{10,90,250,186}],[{10,90,250,35}]},{0,0},{"vectorcore-aaa","VectorCore DRA"},{[],[1778618128]},{[10415,13019,5535],[10415]},{[],[4294967295]},{[],[0]},{[],[]},{[{'diameter_base_Vendor-Specific-Application-Id',10415,[16777264],[]},{'diameter_base_Vendor-Specific-Application-Id',10415,[16777272],[]},{'diameter_base_Vendor-Specific-Application-Id',10415,[16777265],[]}],[]},{[],[1]},{[],[]}}}
2026-05-12 20:46:21.777 [info] <0.138.0>@aaa_diameter_s6b_cb:peer_down:{58,5} Peer down: {<0.157.0>,{diameter_caps,{"aaa.epc.mnc435.mcc311.3gppnetwork.org","dra01.epc.mnc435.mcc311.3gppnetwork.org"},{"epc.mnc435.mcc311.3gppnetwork.org","epc.mnc435.mcc311.3gppnetwork.org"},{[{10,90,250,186}],[{10,90,250,35}]},{0,0},{"vectorcore-aaa","VectorCore DRA"},{[],[1778618128]},{[10415,13019,5535],[10415]},{[],[4294967295]},{[],[0]},{[],[]},{[{'diameter_base_Vendor-Specific-Application-Id',10415,[16777264],[]},{'diameter_base_Vendor-Specific-Application-Id',10415,[16777272],[]},{'diameter_base_Vendor-Specific-Application-Id',10415,[16777265],[]}],[]},{[],[1]},{[],[]}}}
2026-05-12 20:46:21.777 [info] <0.138.0>@aaa_diameter_swm_cb:peer_down:{27,2} SWm peer down: {<0.157.0>,{diameter_caps,{"aaa.epc.mnc435.mcc311.3gppnetwork.org","dra01.epc.mnc435.mcc311.3gppnetwork.org"},{"epc.mnc435.mcc311.3gppnetwork.org","epc.mnc435.mcc311.3gppnetwork.org"},{[{10,90,250,186}],[{10,90,250,35}]},{0,0},{"vectorcore-aaa","VectorCore DRA"},{[],[1778618128]},{[10415,13019,5535],[10415]},{[],[4294967295]},{[],[0]},{[],[]},{[{'diameter_base_Vendor-Specific-Application-Id',10415,[16777264],[]},{'diameter_base_Vendor-Specific-Application-Id',10415,[16777272],[]},{'diameter_base_Vendor-Specific-Application-Id',10415,[16777265],[]}],[]},{[],[1]},{[],[]}}}
2026-05-12 20:47:36.736 [info] <0.138.0>@aaa_diameter_swx_cb:peer_up:{52,5} Peer up: {<0.162.0>,{diameter_caps,{"aaa.epc.mnc435.mcc311.3gppnetwork.org","dra01.epc.mnc435.mcc311.3gppnetwork.org"},{"epc.mnc435.mcc311.3gppnetwork.org","epc.mnc435.mcc311.3gppnetwork.org"},{[{10,90,250,186}],[{10,90,250,35}]},{0,0},{"vectorcore-aaa","VectorCore DRA"},{[],[1778618795]},{[10415,13019,5535],[10415]},{[],[4294967295]},{[],[0]},{[],[]},{[{'diameter_base_Vendor-Specific-Application-Id',10415,[16777264],[]},{'diameter_base_Vendor-Specific-Application-Id',10415,[16777272],[]},{'diameter_base_Vendor-Specific-Application-Id',10415,[16777265],[]}],[]},{[],[1]},{[],[]}}}
2026-05-12 20:47:36.737 [info] <0.138.0>@aaa_diameter_s6b_cb:peer_up:{53,5} Peer up: {<0.162.0>,{diameter_caps,{"aaa.epc.mnc435.mcc311.3gppnetwork.org","dra01.epc.mnc435.mcc311.3gppnetwork.org"},{"epc.mnc435.mcc311.3gppnetwork.org","epc.mnc435.mcc311.3gppnetwork.org"},{[{10,90,250,186}],[{10,90,250,35}]},{0,0},{"vectorcore-aaa","VectorCore DRA"},{[],[1778618795]},{[10415,13019,5535],[10415]},{[],[4294967295]},{[],[0]},{[],[]},{[{'diameter_base_Vendor-Specific-Application-Id',10415,[16777264],[]},{'diameter_base_Vendor-Specific-Application-Id',10415,[16777272],[]},{'diameter_base_Vendor-Specific-Application-Id',10415,[16777265],[]}],[]},{[],[1]},{[],[]}}}
2026-05-12 20:47:36.737 [info] <0.138.0>@aaa_diameter_swm_cb:peer_up:{23,2} SWm peer up: {<0.162.0>,{diameter_caps,{"aaa.epc.mnc435.mcc311.3gppnetwork.org","dra01.epc.mnc435.mcc311.3gppnetwork.org"},{"epc.mnc435.mcc311.3gppnetwork.org","epc.mnc435.mcc311.3gppnetwork.org"},{[{10,90,250,186}],[{10,90,250,35}]},{0,0},{"vectorcore-aaa","VectorCore DRA"},{[],[1778618795]},{[10415,13019,5535],[10415]},{[],[4294967295]},{[],[0]},{[],[]},{[{'diameter_base_Vendor-Specific-Application-Id',10415,[16777264],[]},{'diameter_base_Vendor-Specific-Application-Id',10415,[16777272],[]},{'diameter_base_Vendor-Specific-Application-Id',10415,[16777265],[]}],[]},{[],[1]},{[],[]}}}
2026-05-12 20:53:54.376 [debug] <0.104.0>@lager_handler_watcher:127 Lager installed handler {lager_file_backend,"error.log"} into lager_event
2026-05-12 20:53:54.377 [debug] <0.110.0>@lager_handler_watcher:127 Lager installed handler error_logger_lager_h into error_logger
2026-05-12 20:53:54.376 [debug] <0.101.0>@lager_handler_watcher:127 Lager installed handler {lager_file_backend,"console.log"} into lager_event
2026-05-12 20:53:54.669 [notice] <0.133.0>@vectorcore_aaa_app:start:{7,2} vectorcore-aaa app started
2026-05-12 20:53:54.671 [notice] <0.134.0>@vectorcore_aaa_sup:init:{13,2} vectorcore-aaa starting AAA services
2026-05-12 20:53:54.848 [notice] <0.135.0>@vectorcore_aaa_diameter:listen:{126,2} vectorcore_aaa Diameter listening on IP 10.90.250.186 port 3868 proto sctp
2026-05-12 20:53:54.858 [debug] <0.97.0>@lager_handler_watcher:127 Lager installed handler lager_backend_throttle into lager_event
2026-05-12 20:53:54.875 [error] <0.141.0>@diameter_sctp:s:241 CRASH REPORT Process <0.141.0> with 0 neighbours crashed with reason: no match of right hand value {error,{shutdown,{open,eperm}}} in diameter_sctp:s/4 line 241
2026-05-12 20:53:54.909 [error] <0.129.0>@diameter_sctp:s:241 Supervisor diameter_peer_fsm_sup had child diameter_peer_fsm started with {diameter_peer_fsm,start_link,undefined} at <0.141.0> exit with reason no match of right hand value {error,{shutdown,{open,eperm}}} in diameter_sctp:s/4 line 241 in context child_terminated
2026-05-12 20:53:55.911 [error] <0.150.0>@diameter_sctp:s:241 CRASH REPORT Process <0.150.0> with 0 neighbours crashed with reason: no match of right hand value {error,{shutdown,{open,eperm}}} in diameter_sctp:s/4 line 241
2026-05-12 20:53:55.911 [error] <0.129.0>@diameter_sctp:s:241 Supervisor diameter_peer_fsm_sup had child diameter_peer_fsm started with {diameter_peer_fsm,start_link,undefined} at <0.150.0> exit with reason no match of right hand value {error,{shutdown,{open,eperm}}} in diameter_sctp:s/4 line 241 in context child_terminated
2026-05-12 20:53:56.913 [error] <0.154.0>@diameter_sctp:s:241 CRASH REPORT Process <0.154.0> with 0 neighbours crashed with reason: no match of right hand value {error,{shutdown,{open,eperm}}} in diameter_sctp:s/4 line 241
2026-05-12 20:53:56.913 [error] <0.129.0>@diameter_sctp:s:241 Supervisor diameter_peer_fsm_sup had child diameter_peer_fsm started with {diameter_peer_fsm,start_link,undefined} at <0.154.0> exit with reason no match of right hand value {error,{shutdown,{open,eperm}}} in diameter_sctp:s/4 line 241 in context child_terminated
2026-05-12 20:53:57.915 [error] <0.158.0>@diameter_sctp:s:241 CRASH REPORT Process <0.158.0> with 0 neighbours crashed with reason: no match of right hand value {error,{shutdown,{open,eperm}}} in diameter_sctp:s/4 line 241
2026-05-12 20:53:57.915 [error] <0.129.0>@diameter_sctp:s:241 Supervisor diameter_peer_fsm_sup had child diameter_peer_fsm started with {diameter_peer_fsm,start_link,undefined} at <0.158.0> exit with reason no match of right hand value {error,{shutdown,{open,eperm}}} in diameter_sctp:s/4 line 241 in context child_terminated
2026-05-12 20:53:57.958 [info] <0.63.0> SIGTERM received - shutting down
2026-05-12 20:57:35.126 [debug] <0.105.0>@lager_handler_watcher:127 Lager installed handler {lager_file_backend,"error.log"} into lager_event
2026-05-12 20:57:35.126 [debug] <0.111.0>@lager_handler_watcher:127 Lager installed handler error_logger_lager_h into error_logger
2026-05-12 20:57:35.126 [debug] <0.102.0>@lager_handler_watcher:127 Lager installed handler {lager_file_backend,"console.log"} into lager_event
2026-05-12 20:57:35.403 [notice] <0.134.0>@vectorcore_aaa_app:start:{7,2} vectorcore-aaa app started
2026-05-12 20:57:35.405 [notice] <0.135.0>@vectorcore_aaa_sup:init:{13,2} vectorcore-aaa starting AAA services
2026-05-12 20:57:35.582 [notice] <0.136.0>@vectorcore_aaa_diameter:listen:{126,2} vectorcore_aaa Diameter listening on IP 10.90.250.186 port 3868 proto sctp
2026-05-12 20:57:35.609 [debug] <0.98.0>@lager_handler_watcher:127 Lager installed handler lager_backend_throttle into lager_event
2026-05-12 20:59:43.251 [debug] <0.105.0>@lager_handler_watcher:127 Lager installed handler {lager_file_backend,"error.log"} into lager_event
2026-05-12 20:59:43.253 [debug] <0.111.0>@lager_handler_watcher:127 Lager installed handler error_logger_lager_h into error_logger
2026-05-12 20:59:43.251 [debug] <0.102.0>@lager_handler_watcher:127 Lager installed handler {lager_file_backend,"console.log"} into lager_event
2026-05-12 20:59:43.567 [notice] <0.134.0>@vectorcore_aaa_app:start:{7,2} vectorcore-aaa app started
2026-05-12 20:59:43.568 [notice] <0.135.0>@vectorcore_aaa_sup:init:{13,2} vectorcore-aaa starting AAA services
2026-05-12 20:59:43.732 [debug] <0.98.0>@lager_handler_watcher:127 Lager installed handler lager_backend_throttle into lager_event
2026-05-12 20:59:43.747 [notice] <0.136.0>@vectorcore_aaa_diameter:listen:{126,2} vectorcore_aaa Diameter listening on IP 10.90.250.186 port 3868 proto sctp
2026-05-12 20:59:43.755 [notice] <0.136.0>@vectorcore_aaa_diameter:connect_peer:{105,3} vectorcore_aaa Diameter peer dra01 active connect address="10.90.250.35" port=3868 proto=sctp apps=[swm,s6b,swx]
2026-05-12 20:59:43.755 [notice] <0.136.0>@vectorcore_aaa_diameter:connect:{138,2} vectorcore_aaa Diameter connecting to "10.90.250.35" port 3868 proto sctp
2026-05-12 21:01:00.299 [debug] <0.111.0>@lager_handler_watcher:127 Lager installed handler error_logger_lager_h into error_logger
2026-05-12 21:01:00.298 [debug] <0.102.0>@lager_handler_watcher:127 Lager installed handler {lager_file_backend,"console.log"} into lager_event
2026-05-12 21:01:00.298 [debug] <0.105.0>@lager_handler_watcher:127 Lager installed handler {lager_file_backend,"error.log"} into lager_event
2026-05-12 21:01:00.588 [notice] <0.134.0>@vectorcore_aaa_app:start:{7,2} vectorcore-aaa app started
2026-05-12 21:01:00.589 [notice] <0.135.0>@vectorcore_aaa_sup:init:{13,2} vectorcore-aaa starting AAA services
2026-05-12 21:01:00.777 [notice] <0.136.0>@vectorcore_aaa_diameter:listen:{126,2} vectorcore_aaa Diameter listening on IP 10.90.250.186 port 3868 proto sctp
2026-05-12 21:01:00.781 [debug] <0.98.0>@lager_handler_watcher:127 Lager installed handler lager_backend_throttle into lager_event
2026-05-12 21:01:00.784 [notice] <0.136.0>@vectorcore_aaa_diameter:connect_peer:{105,3} vectorcore_aaa Diameter peer dra01 active connect address="10.90.250.35" port=3868 proto=sctp apps=[swm,s6b,swx]
2026-05-12 21:01:00.784 [notice] <0.136.0>@vectorcore_aaa_diameter:connect:{138,2} vectorcore_aaa Diameter connecting to "10.90.250.35" port 3868 proto sctp
2026-05-12 21:03:25.211 [debug] <0.110.0>@lager_handler_watcher:127 Lager installed handler error_logger_lager_h into error_logger
2026-05-12 21:03:25.210 [debug] <0.104.0>@lager_handler_watcher:127 Lager installed handler {lager_file_backend,"error.log"} into lager_event
2026-05-12 21:03:25.210 [debug] <0.101.0>@lager_handler_watcher:127 Lager installed handler {lager_file_backend,"console.log"} into lager_event
2026-05-12 21:03:25.501 [notice] <0.133.0>@vectorcore_aaa_app:start:{7,2} vectorcore-aaa app started
2026-05-12 21:03:25.504 [notice] <0.134.0>@vectorcore_aaa_sup:init:{13,2} vectorcore-aaa starting AAA services
2026-05-12 21:03:25.682 [notice] <0.135.0>@vectorcore_aaa_diameter:listen:{128,2} vectorcore_aaa Diameter listening on IP 10.90.250.186 port 3868 proto sctp
2026-05-12 21:03:25.690 [notice] <0.135.0>@vectorcore_aaa_diameter:listen:{136,2} vectorcore_aaa Diameter listen transport result: {ok,#Ref<0.3099258572.1781792772.225391>}
2026-05-12 21:03:25.690 [notice] <0.135.0>@vectorcore_aaa_diameter:connect_peer:{107,3} vectorcore_aaa Diameter peer dra01 active connect local="10.90.250.186":0 remote="10.90.250.35":3868 proto=sctp apps=[swm,s6b,swx]
2026-05-12 21:03:25.690 [notice] <0.135.0>@vectorcore_aaa_diameter:connect:{143,2} vectorcore_aaa Diameter connecting from "10.90.250.186":0 to "10.90.250.35":3868 proto sctp
2026-05-12 21:03:25.690 [notice] <0.135.0>@vectorcore_aaa_diameter:connect:{154,2} vectorcore_aaa Diameter connect transport result: {ok,#Ref<0.3099258572.1781792772.225428>}
2026-05-12 21:03:25.693 [debug] <0.97.0>@lager_handler_watcher:127 Lager installed handler lager_backend_throttle into lager_event
2026-05-12 21:03:25.709 [error] <0.145.0>@diameter_sctp:s:241 CRASH REPORT Process <0.145.0> with 0 neighbours crashed with reason: no match of right hand value {error,{shutdown,{open,eperm}}} in diameter_sctp:s/4 line 241
2026-05-12 21:03:25.748 [error] <0.129.0>@diameter_sctp:s:241 Supervisor diameter_peer_fsm_sup had child diameter_peer_fsm started with {diameter_peer_fsm,start_link,undefined} at <0.145.0> exit with reason no match of right hand value {error,{shutdown,{open,eperm}}} in diameter_sctp:s/4 line 241 in context child_terminated
2026-05-12 21:03:26.749 [error] <0.155.0>@diameter_sctp:s:241 CRASH REPORT Process <0.155.0> with 0 neighbours crashed with reason: no match of right hand value {error,{shutdown,{open,eperm}}} in diameter_sctp:s/4 line 241
2026-05-12 21:03:26.749 [error] <0.129.0>@diameter_sctp:s:241 Supervisor diameter_peer_fsm_sup had child diameter_peer_fsm started with {diameter_peer_fsm,start_link,undefined} at <0.155.0> exit with reason no match of right hand value {error,{shutdown,{open,eperm}}} in diameter_sctp:s/4 line 241 in context child_terminated
2026-05-12 21:03:27.751 [error] <0.159.0>@diameter_sctp:s:241 CRASH REPORT Process <0.159.0> with 0 neighbours crashed with reason: no match of right hand value {error,{shutdown,{open,eperm}}} in diameter_sctp:s/4 line 241
2026-05-12 21:03:27.752 [error] <0.129.0>@diameter_sctp:s:241 Supervisor diameter_peer_fsm_sup had child diameter_peer_fsm started with {diameter_peer_fsm,start_link,undefined} at <0.159.0> exit with reason no match of right hand value {error,{shutdown,{open,eperm}}} in diameter_sctp:s/4 line 241 in context child_terminated
2026-05-12 21:03:28.753 [error] <0.163.0>@diameter_sctp:s:241 CRASH REPORT Process <0.163.0> with 0 neighbours crashed with reason: no match of right hand value {error,{shutdown,{open,eperm}}} in diameter_sctp:s/4 line 241
2026-05-12 21:03:28.754 [error] <0.129.0>@diameter_sctp:s:241 Supervisor diameter_peer_fsm_sup had child diameter_peer_fsm started with {diameter_peer_fsm,start_link,undefined} at <0.163.0> exit with reason no match of right hand value {error,{shutdown,{open,eperm}}} in diameter_sctp:s/4 line 241 in context child_terminated
2026-05-12 21:03:28.801 [info] <0.63.0> SIGTERM received - shutting down
2026-05-12 21:05:47.152 [debug] <0.105.0>@lager_handler_watcher:127 Lager installed handler {lager_file_backend,"error.log"} into lager_event
2026-05-12 21:05:47.152 [debug] <0.102.0>@lager_handler_watcher:127 Lager installed handler {lager_file_backend,"console.log"} into lager_event
2026-05-12 21:05:47.163 [debug] <0.111.0>@lager_handler_watcher:127 Lager installed handler error_logger_lager_h into error_logger
2026-05-12 21:05:47.436 [notice] <0.134.0>@vectorcore_aaa_app:start:{7,2} vectorcore-aaa app started
2026-05-12 21:05:47.438 [notice] <0.135.0>@vectorcore_aaa_sup:init:{13,2} vectorcore-aaa starting AAA services
2026-05-12 21:05:47.619 [notice] <0.136.0>@vectorcore_aaa_diameter:listen:{128,2} vectorcore_aaa Diameter listening on IP 10.90.250.186 port 3868 proto sctp
2026-05-12 21:05:47.628 [notice] <0.136.0>@vectorcore_aaa_diameter:listen:{136,2} vectorcore_aaa Diameter listen transport result: {ok,#Ref<0.2427694551.1245446145.15636>}
2026-05-12 21:05:47.628 [notice] <0.136.0>@vectorcore_aaa_diameter:connect_peer:{107,3} vectorcore_aaa Diameter peer dra01 active connect local="10.90.250.186":0 remote="10.90.250.35":3868 proto=sctp apps=[swm,s6b,swx]
2026-05-12 21:05:47.628 [notice] <0.136.0>@vectorcore_aaa_diameter:connect:{143,2} vectorcore_aaa Diameter connecting from "10.90.250.186":0 to "10.90.250.35":3868 proto sctp
2026-05-12 21:05:47.629 [notice] <0.136.0>@vectorcore_aaa_diameter:connect:{154,2} vectorcore_aaa Diameter connect transport result: {ok,#Ref<0.2427694551.1245446150.15265>}
2026-05-12 21:05:47.634 [debug] <0.98.0>@lager_handler_watcher:127 Lager installed handler lager_backend_throttle into lager_event
2026-05-12 21:05:47.653 [info] <0.138.0>@aaa_diameter_swx_cb:peer_up:{52,5} Peer up: {<0.147.0>,{diameter_caps,{"aaa.epc.mnc435.mcc311.3gppnetwork.org","dra01.epc.mnc435.mcc311.3gppnetwork.org"},{"epc.mnc435.mcc311.3gppnetwork.org","epc.mnc435.mcc311.3gppnetwork.org"},{[{10,90,250,186}],[{10,90,250,35}]},{0,0},{"vectorcore-aaa","VectorCore DRA"},{[],[1778618795]},{[10415,13019,5535],[10415]},{[],[4294967295]},{[],[0]},{[],[]},{[{'diameter_base_Vendor-Specific-Application-Id',10415,[16777264],[]},{'diameter_base_Vendor-Specific-Application-Id',10415,[16777272],[]},{'diameter_base_Vendor-Specific-Application-Id',10415,[16777265],[]}],[]},{[],[1]},{[],[]}}}
2026-05-12 21:05:47.657 [info] <0.138.0>@aaa_diameter_s6b_cb:peer_up:{53,5} Peer up: {<0.147.0>,{diameter_caps,{"aaa.epc.mnc435.mcc311.3gppnetwork.org","dra01.epc.mnc435.mcc311.3gppnetwork.org"},{"epc.mnc435.mcc311.3gppnetwork.org","epc.mnc435.mcc311.3gppnetwork.org"},{[{10,90,250,186}],[{10,90,250,35}]},{0,0},{"vectorcore-aaa","VectorCore DRA"},{[],[1778618795]},{[10415,13019,5535],[10415]},{[],[4294967295]},{[],[0]},{[],[]},{[{'diameter_base_Vendor-Specific-Application-Id',10415,[16777264],[]},{'diameter_base_Vendor-Specific-Application-Id',10415,[16777272],[]},{'diameter_base_Vendor-Specific-Application-Id',10415,[16777265],[]}],[]},{[],[1]},{[],[]}}}
2026-05-12 21:05:47.660 [info] <0.138.0>@aaa_diameter_swm_cb:peer_up:{23,2} SWm peer up: {<0.147.0>,{diameter_caps,{"aaa.epc.mnc435.mcc311.3gppnetwork.org","dra01.epc.mnc435.mcc311.3gppnetwork.org"},{"epc.mnc435.mcc311.3gppnetwork.org","epc.mnc435.mcc311.3gppnetwork.org"},{[{10,90,250,186}],[{10,90,250,35}]},{0,0},{"vectorcore-aaa","VectorCore DRA"},{[],[1778618795]},{[10415,13019,5535],[10415]},{[],[4294967295]},{[],[0]},{[],[]},{[{'diameter_base_Vendor-Specific-Application-Id',10415,[16777264],[]},{'diameter_base_Vendor-Specific-Application-Id',10415,[16777272],[]},{'diameter_base_Vendor-Specific-Application-Id',10415,[16777265],[]}],[]},{[],[1]},{[],[]}}}
2026-05-12 21:13:02.834 [debug] <0.105.0>@lager_handler_watcher:127 Lager installed handler {lager_file_backend,"error.log"} into lager_event
2026-05-12 21:13:02.834 [debug] <0.102.0>@lager_handler_watcher:127 Lager installed handler {lager_file_backend,"console.log"} into lager_event
2026-05-12 21:13:02.842 [debug] <0.111.0>@lager_handler_watcher:127 Lager installed handler error_logger_lager_h into error_logger
2026-05-12 21:13:03.134 [notice] <0.134.0>@vectorcore_aaa_app:start:{7,2} vectorcore-aaa app started
2026-05-12 21:13:03.136 [notice] <0.135.0>@vectorcore_aaa_sup:init:{13,2} vectorcore-aaa starting AAA services
2026-05-12 21:13:03.317 [debug] <0.98.0>@lager_handler_watcher:127 Lager installed handler lager_backend_throttle into lager_event
2026-05-12 21:13:03.327 [notice] <0.136.0>@vectorcore_aaa_diameter:listen:{128,2} vectorcore_aaa Diameter listening on IP 10.90.250.186 port 3868 proto sctp
2026-05-12 21:13:03.336 [notice] <0.136.0>@vectorcore_aaa_diameter:listen:{136,2} vectorcore_aaa Diameter listen transport result: {ok,#Ref<0.3168575052.2319974405.18340>}
2026-05-12 21:13:03.336 [notice] <0.136.0>@vectorcore_aaa_diameter:connect_peer:{107,3} vectorcore_aaa Diameter peer dra01 active connect local="10.90.250.186":0 remote="10.90.250.35":3868 proto=sctp apps=[swm,s6b,swx]
2026-05-12 21:13:03.336 [notice] <0.136.0>@vectorcore_aaa_diameter:connect:{143,2} vectorcore_aaa Diameter connecting from "10.90.250.186":0 to "10.90.250.35":3868 proto sctp
2026-05-12 21:13:03.337 [notice] <0.136.0>@vectorcore_aaa_diameter:connect:{154,2} vectorcore_aaa Diameter connect transport result: {ok,#Ref<0.3168575052.2319974405.18366>}
2026-05-12 21:13:03.361 [info] <0.138.0>@aaa_diameter_swx_cb:peer_up:{52,5} Peer up: {<0.146.0>,{diameter_caps,{"aaa.epc.mnc435.mcc311.3gppnetwork.org","dra01.epc.mnc435.mcc311.3gppnetwork.org"},{"epc.mnc435.mcc311.3gppnetwork.org","epc.mnc435.mcc311.3gppnetwork.org"},{[{10,90,250,186}],[{10,90,250,35}]},{0,0},{"vectorcore-aaa","VectorCore DRA"},{[],[1778618795]},{[10415,13019,5535],[10415]},{[],[4294967295]},{[],[0]},{[],[]},{[{'diameter_base_Vendor-Specific-Application-Id',10415,[16777264],[]},{'diameter_base_Vendor-Specific-Application-Id',10415,[16777272],[]},{'diameter_base_Vendor-Specific-Application-Id',10415,[16777265],[]}],[]},{[],[1]},{[],[]}}}
2026-05-12 21:13:03.364 [info] <0.138.0>@aaa_diameter_s6b_cb:peer_up:{53,5} Peer up: {<0.146.0>,{diameter_caps,{"aaa.epc.mnc435.mcc311.3gppnetwork.org","dra01.epc.mnc435.mcc311.3gppnetwork.org"},{"epc.mnc435.mcc311.3gppnetwork.org","epc.mnc435.mcc311.3gppnetwork.org"},{[{10,90,250,186}],[{10,90,250,35}]},{0,0},{"vectorcore-aaa","VectorCore DRA"},{[],[1778618795]},{[10415,13019,5535],[10415]},{[],[4294967295]},{[],[0]},{[],[]},{[{'diameter_base_Vendor-Specific-Application-Id',10415,[16777264],[]},{'diameter_base_Vendor-Specific-Application-Id',10415,[16777272],[]},{'diameter_base_Vendor-Specific-Application-Id',10415,[16777265],[]}],[]},{[],[1]},{[],[]}}}
2026-05-12 21:13:03.367 [info] <0.138.0>@aaa_diameter_swm_cb:peer_up:{23,2} SWm peer up: {<0.146.0>,{diameter_caps,{"aaa.epc.mnc435.mcc311.3gppnetwork.org","dra01.epc.mnc435.mcc311.3gppnetwork.org"},{"epc.mnc435.mcc311.3gppnetwork.org","epc.mnc435.mcc311.3gppnetwork.org"},{[{10,90,250,186}],[{10,90,250,35}]},{0,0},{"vectorcore-aaa","VectorCore DRA"},{[],[1778618795]},{[10415,13019,5535],[10415]},{[],[4294967295]},{[],[0]},{[],[]},{[{'diameter_base_Vendor-Specific-Application-Id',10415,[16777264],[]},{'diameter_base_Vendor-Specific-Application-Id',10415,[16777272],[]},{'diameter_base_Vendor-Specific-Application-Id',10415,[16777265],[]}],[]},{[],[1]},{[],[]}}}
2026-05-12 21:13:12.101 [debug] <0.102.0>@lager_handler_watcher:127 Lager installed handler {lager_file_backend,"console.log"} into lager_event
2026-05-12 21:13:12.101 [debug] <0.105.0>@lager_handler_watcher:127 Lager installed handler {lager_file_backend,"error.log"} into lager_event
2026-05-12 21:13:12.107 [debug] <0.111.0>@lager_handler_watcher:127 Lager installed handler error_logger_lager_h into error_logger
2026-05-12 21:13:12.389 [notice] <0.134.0>@vectorcore_aaa_app:start:{7,2} vectorcore-aaa app started
2026-05-12 21:13:12.391 [notice] <0.135.0>@vectorcore_aaa_sup:init:{13,2} vectorcore-aaa starting AAA services
2026-05-12 21:13:12.582 [notice] <0.136.0>@vectorcore_aaa_diameter:listen:{128,2} vectorcore_aaa Diameter listening on IP 10.90.250.186 port 3868 proto sctp
2026-05-12 21:13:12.586 [debug] <0.98.0>@lager_handler_watcher:127 Lager installed handler lager_backend_throttle into lager_event
2026-05-12 21:13:12.596 [notice] <0.136.0>@vectorcore_aaa_diameter:listen:{136,2} vectorcore_aaa Diameter listen transport result: {ok,#Ref<0.1117380951.441188358.24549>}
2026-05-12 21:13:12.596 [notice] <0.136.0>@vectorcore_aaa_diameter:connect_peer:{107,3} vectorcore_aaa Diameter peer dra01 active connect local="10.90.250.186":0 remote="10.90.250.35":3868 proto=sctp apps=[swm,s6b,swx]
2026-05-12 21:13:12.596 [notice] <0.136.0>@vectorcore_aaa_diameter:connect:{143,2} vectorcore_aaa Diameter connecting from "10.90.250.186":0 to "10.90.250.35":3868 proto sctp
2026-05-12 21:13:12.596 [notice] <0.136.0>@vectorcore_aaa_diameter:connect:{154,2} vectorcore_aaa Diameter connect transport result: {ok,#Ref<0.1117380951.441188357.24888>}
2026-05-12 21:13:12.623 [info] <0.138.0>@aaa_diameter_swx_cb:peer_up:{52,5} Peer up: {<0.147.0>,{diameter_caps,{"aaa.epc.mnc435.mcc311.3gppnetwork.org","dra01.epc.mnc435.mcc311.3gppnetwork.org"},{"epc.mnc435.mcc311.3gppnetwork.org","epc.mnc435.mcc311.3gppnetwork.org"},{[{10,90,250,186}],[{10,90,250,35}]},{0,0},{"vectorcore-aaa","VectorCore DRA"},{[],[1778618795]},{[10415,13019,5535],[10415]},{[],[4294967295]},{[],[0]},{[],[]},{[{'diameter_base_Vendor-Specific-Application-Id',10415,[16777264],[]},{'diameter_base_Vendor-Specific-Application-Id',10415,[16777272],[]},{'diameter_base_Vendor-Specific-Application-Id',10415,[16777265],[]}],[]},{[],[1]},{[],[]}}}
2026-05-12 21:13:12.626 [info] <0.138.0>@aaa_diameter_s6b_cb:peer_up:{53,5} Peer up: {<0.147.0>,{diameter_caps,{"aaa.epc.mnc435.mcc311.3gppnetwork.org","dra01.epc.mnc435.mcc311.3gppnetwork.org"},{"epc.mnc435.mcc311.3gppnetwork.org","epc.mnc435.mcc311.3gppnetwork.org"},{[{10,90,250,186}],[{10,90,250,35}]},{0,0},{"vectorcore-aaa","VectorCore DRA"},{[],[1778618795]},{[10415,13019,5535],[10415]},{[],[4294967295]},{[],[0]},{[],[]},{[{'diameter_base_Vendor-Specific-Application-Id',10415,[16777264],[]},{'diameter_base_Vendor-Specific-Application-Id',10415,[16777272],[]},{'diameter_base_Vendor-Specific-Application-Id',10415,[16777265],[]}],[]},{[],[1]},{[],[]}}}
2026-05-12 21:13:12.630 [info] <0.138.0>@aaa_diameter_swm_cb:peer_up:{23,2} SWm peer up: {<0.147.0>,{diameter_caps,{"aaa.epc.mnc435.mcc311.3gppnetwork.org","dra01.epc.mnc435.mcc311.3gppnetwork.org"},{"epc.mnc435.mcc311.3gppnetwork.org","epc.mnc435.mcc311.3gppnetwork.org"},{[{10,90,250,186}],[{10,90,250,35}]},{0,0},{"vectorcore-aaa","VectorCore DRA"},{[],[1778618795]},{[10415,13019,5535],[10415]},{[],[4294967295]},{[],[0]},{[],[]},{[{'diameter_base_Vendor-Specific-Application-Id',10415,[16777264],[]},{'diameter_base_Vendor-Specific-Application-Id',10415,[16777272],[]},{'diameter_base_Vendor-Specific-Application-Id',10415,[16777265],[]}],[]},{[],[1]},{[],[]}}}
2026-05-12 21:16:00.184 [debug] <0.111.0>@lager_handler_watcher:127 Lager installed handler error_logger_lager_h into error_logger
2026-05-12 21:16:00.184 [debug] <0.105.0>@lager_handler_watcher:127 Lager installed handler {lager_file_backend,"error.log"} into lager_event
2026-05-12 21:16:00.184 [debug] <0.102.0>@lager_handler_watcher:127 Lager installed handler {lager_file_backend,"console.log"} into lager_event
2026-05-12 21:16:00.457 [notice] <0.134.0>@vectorcore_aaa_app:start:{7,2} vectorcore-aaa app started
2026-05-12 21:16:00.459 [notice] <0.135.0>@vectorcore_aaa_sup:init:{13,2} vectorcore-aaa starting AAA services
2026-05-12 21:16:00.637 [notice] <0.136.0>@vectorcore_aaa_diameter:listen:{128,2} vectorcore_aaa Diameter listening on IP 10.90.250.186 port 3868 proto sctp
2026-05-12 21:16:00.646 [notice] <0.136.0>@vectorcore_aaa_diameter:listen:{136,2} vectorcore_aaa Diameter listen transport result: {ok,#Ref<0.2997591739.2589196292.39243>}
2026-05-12 21:16:00.646 [notice] <0.136.0>@vectorcore_aaa_diameter:connect_peer:{107,3} vectorcore_aaa Diameter peer dra01 active connect local="10.90.250.186":0 remote="10.90.250.35":3868 proto=sctp apps=[swm,s6b,swx]
2026-05-12 21:16:00.646 [notice] <0.136.0>@vectorcore_aaa_diameter:connect:{143,2} vectorcore_aaa Diameter connecting from "10.90.250.186":0 to "10.90.250.35":3868 proto sctp
2026-05-12 21:16:00.647 [notice] <0.136.0>@vectorcore_aaa_diameter:connect:{154,2} vectorcore_aaa Diameter connect transport result: {ok,#Ref<0.2997591739.2589196292.39274>}
2026-05-12 21:16:00.665 [debug] <0.98.0>@lager_handler_watcher:127 Lager installed handler lager_backend_throttle into lager_event
2026-05-12 21:16:00.669 [info] <0.138.0>@aaa_diameter_swx_cb:peer_up:{52,5} Peer up: {<0.146.0>,{diameter_caps,{"aaa.epc.mnc435.mcc311.3gppnetwork.org","dra01.epc.mnc435.mcc311.3gppnetwork.org"},{"epc.mnc435.mcc311.3gppnetwork.org","epc.mnc435.mcc311.3gppnetwork.org"},{[{10,90,250,186}],[{10,90,250,35}]},{0,0},{"vectorcore-aaa","VectorCore DRA"},{[],[1778618795]},{[10415,13019,5535],[10415]},{[],[4294967295]},{[],[0]},{[],[]},{[{'diameter_base_Vendor-Specific-Application-Id',10415,[16777264],[]},{'diameter_base_Vendor-Specific-Application-Id',10415,[16777272],[]},{'diameter_base_Vendor-Specific-Application-Id',10415,[16777265],[]}],[]},{[],[1]},{[],[]}}}
2026-05-12 21:16:00.672 [info] <0.138.0>@aaa_diameter_s6b_cb:peer_up:{53,5} Peer up: {<0.146.0>,{diameter_caps,{"aaa.epc.mnc435.mcc311.3gppnetwork.org","dra01.epc.mnc435.mcc311.3gppnetwork.org"},{"epc.mnc435.mcc311.3gppnetwork.org","epc.mnc435.mcc311.3gppnetwork.org"},{[{10,90,250,186}],[{10,90,250,35}]},{0,0},{"vectorcore-aaa","VectorCore DRA"},{[],[1778618795]},{[10415,13019,5535],[10415]},{[],[4294967295]},{[],[0]},{[],[]},{[{'diameter_base_Vendor-Specific-Application-Id',10415,[16777264],[]},{'diameter_base_Vendor-Specific-Application-Id',10415,[16777272],[]},{'diameter_base_Vendor-Specific-Application-Id',10415,[16777265],[]}],[]},{[],[1]},{[],[]}}}
2026-05-12 21:16:00.676 [info] <0.138.0>@aaa_diameter_swm_cb:peer_up:{23,2} SWm peer up: {<0.146.0>,{diameter_caps,{"aaa.epc.mnc435.mcc311.3gppnetwork.org","dra01.epc.mnc435.mcc311.3gppnetwork.org"},{"epc.mnc435.mcc311.3gppnetwork.org","epc.mnc435.mcc311.3gppnetwork.org"},{[{10,90,250,186}],[{10,90,250,35}]},{0,0},{"vectorcore-aaa","VectorCore DRA"},{[],[1778618795]},{[10415,13019,5535],[10415]},{[],[4294967295]},{[],[0]},{[],[]},{[{'diameter_base_Vendor-Specific-Application-Id',10415,[16777264],[]},{'diameter_base_Vendor-Specific-Application-Id',10415,[16777272],[]},{'diameter_base_Vendor-Specific-Application-Id',10415,[16777265],[]}],[]},{[],[1]},{[],[]}}}
2026-05-12 21:23:26.880 [debug] <0.111.0>@lager_handler_watcher:127 Lager installed handler error_logger_lager_h into error_logger
2026-05-12 21:23:26.875 [debug] <0.105.0>@lager_handler_watcher:127 Lager installed handler {lager_file_backend,"error.log"} into lager_event
2026-05-12 21:23:26.875 [debug] <0.102.0>@lager_handler_watcher:127 Lager installed handler {lager_file_backend,"console.log"} into lager_event
2026-05-12 21:23:27.155 [notice] <0.134.0>@vectorcore_aaa_app:start:{7,2} vectorcore-aaa app started
2026-05-12 21:23:27.156 [notice] <0.135.0>@vectorcore_aaa_sup:init:{13,2} vectorcore-aaa starting AAA services
2026-05-12 21:23:27.334 [notice] <0.136.0>@vectorcore_aaa_diameter:listen:{128,2} vectorcore_aaa Diameter listening on IP 10.90.250.186 port 3868 proto sctp
2026-05-12 21:23:27.341 [notice] <0.136.0>@vectorcore_aaa_diameter:listen:{136,2} vectorcore_aaa Diameter listen transport result: {ok,#Ref<0.619750541.2321547270.109828>}
2026-05-12 21:23:27.341 [notice] <0.136.0>@vectorcore_aaa_diameter:connect_peer:{107,3} vectorcore_aaa Diameter peer dra01 active connect local="10.90.250.186":0 remote="10.90.250.35":3868 proto=sctp apps=[swm,s6b,swx]
2026-05-12 21:23:27.342 [notice] <0.136.0>@vectorcore_aaa_diameter:connect:{143,2} vectorcore_aaa Diameter connecting from "10.90.250.186":0 to "10.90.250.35":3868 proto sctp
2026-05-12 21:23:27.342 [notice] <0.136.0>@vectorcore_aaa_diameter:connect:{154,2} vectorcore_aaa Diameter connect transport result: {ok,#Ref<0.619750541.2321547270.109865>}
2026-05-12 21:23:27.360 [debug] <0.98.0>@lager_handler_watcher:127 Lager installed handler lager_backend_throttle into lager_event
2026-05-12 21:23:27.371 [info] <0.138.0>@aaa_diameter_swx_cb:peer_up:{52,5} Peer up: {<0.146.0>,{diameter_caps,{"aaa.epc.mnc435.mcc311.3gppnetwork.org","dra01.epc.mnc435.mcc311.3gppnetwork.org"},{"epc.mnc435.mcc311.3gppnetwork.org","epc.mnc435.mcc311.3gppnetwork.org"},{[{10,90,250,186}],[{10,90,250,35}]},{0,0},{"vectorcore-aaa","VectorCore DRA"},{[],[1778618795]},{[10415,13019,5535],[10415]},{[],[4294967295]},{[],[0]},{[],[]},{[{'diameter_base_Vendor-Specific-Application-Id',10415,[16777264],[]},{'diameter_base_Vendor-Specific-Application-Id',10415,[16777272],[]},{'diameter_base_Vendor-Specific-Application-Id',10415,[16777265],[]}],[]},{[],[1]},{[],[]}}}
2026-05-12 21:23:27.376 [info] <0.138.0>@aaa_diameter_s6b_cb:peer_up:{53,5} Peer up: {<0.146.0>,{diameter_caps,{"aaa.epc.mnc435.mcc311.3gppnetwork.org","dra01.epc.mnc435.mcc311.3gppnetwork.org"},{"epc.mnc435.mcc311.3gppnetwork.org","epc.mnc435.mcc311.3gppnetwork.org"},{[{10,90,250,186}],[{10,90,250,35}]},{0,0},{"vectorcore-aaa","VectorCore DRA"},{[],[1778618795]},{[10415,13019,5535],[10415]},{[],[4294967295]},{[],[0]},{[],[]},{[{'diameter_base_Vendor-Specific-Application-Id',10415,[16777264],[]},{'diameter_base_Vendor-Specific-Application-Id',10415,[16777272],[]},{'diameter_base_Vendor-Specific-Application-Id',10415,[16777265],[]}],[]},{[],[1]},{[],[]}}}
2026-05-12 21:23:27.380 [info] <0.138.0>@aaa_diameter_swm_cb:peer_up:{23,2} SWm peer up: {<0.146.0>,{diameter_caps,{"aaa.epc.mnc435.mcc311.3gppnetwork.org","dra01.epc.mnc435.mcc311.3gppnetwork.org"},{"epc.mnc435.mcc311.3gppnetwork.org","epc.mnc435.mcc311.3gppnetwork.org"},{[{10,90,250,186}],[{10,90,250,35}]},{0,0},{"vectorcore-aaa","VectorCore DRA"},{[],[1778618795]},{[10415,13019,5535],[10415]},{[],[4294967295]},{[],[0]},{[],[]},{[{'diameter_base_Vendor-Specific-Application-Id',10415,[16777264],[]},{'diameter_base_Vendor-Specific-Application-Id',10415,[16777272],[]},{'diameter_base_Vendor-Specific-Application-Id',10415,[16777265],[]}],[]},{[],[1]},{[],[]}}}
2026-05-12 21:54:10.267 [debug] <0.105.0>@lager_handler_watcher:127 Lager installed handler {lager_file_backend,"error.log"} into lager_event
2026-05-12 21:54:10.267 [debug] <0.102.0>@lager_handler_watcher:127 Lager installed handler {lager_file_backend,"console.log"} into lager_event
2026-05-12 21:54:10.274 [debug] <0.111.0>@lager_handler_watcher:127 Lager installed handler error_logger_lager_h into error_logger
2026-05-12 21:54:10.554 [notice] <0.134.0>@vectorcore_aaa_app:start:{7,2} vectorcore-aaa app started
2026-05-12 21:54:10.556 [notice] <0.135.0>@vectorcore_aaa_sup:init:{13,2} vectorcore-aaa starting AAA services
2026-05-12 21:54:10.745 [notice] <0.136.0>@vectorcore_aaa_diameter:listen:{132,2} vectorcore_aaa Diameter listening on IP 10.90.250.186 port 3868 proto sctp
2026-05-12 21:54:10.753 [notice] <0.136.0>@vectorcore_aaa_diameter:listen:{140,2} vectorcore_aaa Diameter listen transport result: {ok,#Ref<0.1572319728.3131834375.258808>}
2026-05-12 21:54:10.753 [notice] <0.136.0>@vectorcore_aaa_diameter:connect_peer:{111,3} vectorcore_aaa Diameter peer dra01 active connect local="10.90.250.186":0 remote="10.90.250.35":3868 proto=sctp apps=[swm,s6b,swx]
2026-05-12 21:54:10.753 [notice] <0.136.0>@vectorcore_aaa_diameter:connect:{147,2} vectorcore_aaa Diameter connecting from "10.90.250.186":0 to "10.90.250.35":3868 proto sctp
2026-05-12 21:54:10.753 [debug] <0.98.0>@lager_handler_watcher:127 Lager installed handler lager_backend_throttle into lager_event
2026-05-12 21:54:10.754 [notice] <0.136.0>@vectorcore_aaa_diameter:connect:{158,2} vectorcore_aaa Diameter connect transport result: {ok,#Ref<0.1572319728.3131834375.258845>}
2026-05-12 21:54:10.783 [info] <0.138.0>@aaa_diameter_swx_cb:peer_up:{52,5} Peer up: {<0.146.0>,{diameter_caps,{"aaa.epc.mnc435.mcc311.3gppnetwork.org","dra01.epc.mnc435.mcc311.3gppnetwork.org"},{"epc.mnc435.mcc311.3gppnetwork.org","epc.mnc435.mcc311.3gppnetwork.org"},{[{10,90,250,186}],[{10,90,250,35}]},{0,0},{"vectorcore-aaa","VectorCore DRA"},{[],[1778618795]},{[10415,13019,5535],[10415]},{[],[4294967295]},{[],[0]},{[],[]},{[{'diameter_base_Vendor-Specific-Application-Id',10415,[16777264],[]},{'diameter_base_Vendor-Specific-Application-Id',10415,[16777272],[]},{'diameter_base_Vendor-Specific-Application-Id',10415,[16777265],[]}],[]},{[],[1]},{[],[]}}}
2026-05-12 21:54:10.786 [info] <0.138.0>@aaa_diameter_s6b_cb:peer_up:{53,5} Peer up: {<0.146.0>,{diameter_caps,{"aaa.epc.mnc435.mcc311.3gppnetwork.org","dra01.epc.mnc435.mcc311.3gppnetwork.org"},{"epc.mnc435.mcc311.3gppnetwork.org","epc.mnc435.mcc311.3gppnetwork.org"},{[{10,90,250,186}],[{10,90,250,35}]},{0,0},{"vectorcore-aaa","VectorCore DRA"},{[],[1778618795]},{[10415,13019,5535],[10415]},{[],[4294967295]},{[],[0]},{[],[]},{[{'diameter_base_Vendor-Specific-Application-Id',10415,[16777264],[]},{'diameter_base_Vendor-Specific-Application-Id',10415,[16777272],[]},{'diameter_base_Vendor-Specific-Application-Id',10415,[16777265],[]}],[]},{[],[1]},{[],[]}}}
2026-05-12 21:54:10.790 [info] <0.138.0>@aaa_diameter_swm_cb:peer_up:{23,2} SWm peer up: {<0.146.0>,{diameter_caps,{"aaa.epc.mnc435.mcc311.3gppnetwork.org","dra01.epc.mnc435.mcc311.3gppnetwork.org"},{"epc.mnc435.mcc311.3gppnetwork.org","epc.mnc435.mcc311.3gppnetwork.org"},{[{10,90,250,186}],[{10,90,250,35}]},{0,0},{"vectorcore-aaa","VectorCore DRA"},{[],[1778618795]},{[10415,13019,5535],[10415]},{[],[4294967295]},{[],[0]},{[],[]},{[{'diameter_base_Vendor-Specific-Application-Id',10415,[16777264],[]},{'diameter_base_Vendor-Specific-Application-Id',10415,[16777272],[]},{'diameter_base_Vendor-Specific-Application-Id',10415,[16777265],[]}],[]},{[],[1]},{[],[]}}}
2026-05-12 21:54:52.724 [debug] <0.105.0>@lager_handler_watcher:127 Lager installed handler {lager_file_backend,"error.log"} into lager_event
2026-05-12 21:54:52.724 [debug] <0.102.0>@lager_handler_watcher:127 Lager installed handler {lager_file_backend,"console.log"} into lager_event
2026-05-12 21:54:52.734 [debug] <0.111.0>@lager_handler_watcher:127 Lager installed handler error_logger_lager_h into error_logger
2026-05-12 21:54:53.018 [notice] <0.134.0>@vectorcore_aaa_app:start:{7,2} vectorcore-aaa app started
2026-05-12 21:54:53.020 [notice] <0.135.0>@vectorcore_aaa_sup:init:{13,2} vectorcore-aaa starting AAA services
2026-05-12 21:54:53.207 [debug] <0.98.0>@lager_handler_watcher:127 Lager installed handler lager_backend_throttle into lager_event
2026-05-12 21:54:53.211 [notice] <0.136.0>@vectorcore_aaa_diameter:listen:{132,2} vectorcore_aaa Diameter listening on IP 10.90.250.186 port 3868 proto sctp
2026-05-12 21:54:53.223 [notice] <0.136.0>@vectorcore_aaa_diameter:listen:{140,2} vectorcore_aaa Diameter listen transport result: {ok,#Ref<0.987401256.1789394945.93546>}
2026-05-12 21:54:53.223 [notice] <0.136.0>@vectorcore_aaa_diameter:connect_peer:{111,3} vectorcore_aaa Diameter peer dra01 active connect local="10.90.250.186":0 remote="10.90.250.35":3868 proto=sctp apps=[swm,s6b,swx]
2026-05-12 21:54:53.223 [notice] <0.136.0>@vectorcore_aaa_diameter:connect:{147,2} vectorcore_aaa Diameter connecting from "10.90.250.186":0 to "10.90.250.35":3868 proto sctp
2026-05-12 21:54:53.223 [notice] <0.136.0>@vectorcore_aaa_diameter:connect:{158,2} vectorcore_aaa Diameter connect transport result: {ok,#Ref<0.987401256.1789394952.93624>}
2026-05-12 21:55:11.213 [info] <0.138.0>@aaa_diameter_swx_cb:peer_up:{52,5} Peer up: {<0.146.0>,{diameter_caps,{"aaa.epc.mnc435.mcc311.3gppnetwork.org","dra01.epc.mnc435.mcc311.3gppnetwork.org"},{"epc.mnc435.mcc311.3gppnetwork.org","epc.mnc435.mcc311.3gppnetwork.org"},{[{10,90,250,186}],[{10,90,250,35}]},{0,0},{"vectorcore-aaa","VectorCore DRA"},{[],[1778618795]},{[10415,13019,5535],[10415]},{[],[4294967295]},{[],[0]},{[],[]},{[{'diameter_base_Vendor-Specific-Application-Id',10415,[16777264],[]},{'diameter_base_Vendor-Specific-Application-Id',10415,[16777272],[]},{'diameter_base_Vendor-Specific-Application-Id',10415,[16777265],[]}],[]},{[],[1]},{[],[]}}}
2026-05-12 21:55:11.216 [info] <0.138.0>@aaa_diameter_s6b_cb:peer_up:{53,5} Peer up: {<0.146.0>,{diameter_caps,{"aaa.epc.mnc435.mcc311.3gppnetwork.org","dra01.epc.mnc435.mcc311.3gppnetwork.org"},{"epc.mnc435.mcc311.3gppnetwork.org","epc.mnc435.mcc311.3gppnetwork.org"},{[{10,90,250,186}],[{10,90,250,35}]},{0,0},{"vectorcore-aaa","VectorCore DRA"},{[],[1778618795]},{[10415,13019,5535],[10415]},{[],[4294967295]},{[],[0]},{[],[]},{[{'diameter_base_Vendor-Specific-Application-Id',10415,[16777264],[]},{'diameter_base_Vendor-Specific-Application-Id',10415,[16777272],[]},{'diameter_base_Vendor-Specific-Application-Id',10415,[16777265],[]}],[]},{[],[1]},{[],[]}}}
2026-05-12 21:55:11.220 [info] <0.138.0>@aaa_diameter_swm_cb:peer_up:{23,2} SWm peer up: {<0.146.0>,{diameter_caps,{"aaa.epc.mnc435.mcc311.3gppnetwork.org","dra01.epc.mnc435.mcc311.3gppnetwork.org"},{"epc.mnc435.mcc311.3gppnetwork.org","epc.mnc435.mcc311.3gppnetwork.org"},{[{10,90,250,186}],[{10,90,250,35}]},{0,0},{"vectorcore-aaa","VectorCore DRA"},{[],[1778618795]},{[10415,13019,5535],[10415]},{[],[4294967295]},{[],[0]},{[],[]},{[{'diameter_base_Vendor-Specific-Application-Id',10415,[16777264],[]},{'diameter_base_Vendor-Specific-Application-Id',10415,[16777272],[]},{'diameter_base_Vendor-Specific-Application-Id',10415,[16777265],[]}],[]},{[],[1]},{[],[]}}}
2026-05-12 21:55:19.883 [info] <0.138.0>@aaa_diameter_swx_cb:peer_down:{57,5} Peer down: {<0.146.0>,{diameter_caps,{"aaa.epc.mnc435.mcc311.3gppnetwork.org","dra01.epc.mnc435.mcc311.3gppnetwork.org"},{"epc.mnc435.mcc311.3gppnetwork.org","epc.mnc435.mcc311.3gppnetwork.org"},{[{10,90,250,186}],[{10,90,250,35}]},{0,0},{"vectorcore-aaa","VectorCore DRA"},{[],[1778618795]},{[10415,13019,5535],[10415]},{[],[4294967295]},{[],[0]},{[],[]},{[{'diameter_base_Vendor-Specific-Application-Id',10415,[16777264],[]},{'diameter_base_Vendor-Specific-Application-Id',10415,[16777272],[]},{'diameter_base_Vendor-Specific-Application-Id',10415,[16777265],[]}],[]},{[],[1]},{[],[]}}}
2026-05-12 21:55:19.883 [info] <0.138.0>@aaa_diameter_s6b_cb:peer_down:{58,5} Peer down: {<0.146.0>,{diameter_caps,{"aaa.epc.mnc435.mcc311.3gppnetwork.org","dra01.epc.mnc435.mcc311.3gppnetwork.org"},{"epc.mnc435.mcc311.3gppnetwork.org","epc.mnc435.mcc311.3gppnetwork.org"},{[{10,90,250,186}],[{10,90,250,35}]},{0,0},{"vectorcore-aaa","VectorCore DRA"},{[],[1778618795]},{[10415,13019,5535],[10415]},{[],[4294967295]},{[],[0]},{[],[]},{[{'diameter_base_Vendor-Specific-Application-Id',10415,[16777264],[]},{'diameter_base_Vendor-Specific-Application-Id',10415,[16777272],[]},{'diameter_base_Vendor-Specific-Application-Id',10415,[16777265],[]}],[]},{[],[1]},{[],[]}}}
2026-05-12 21:55:19.883 [info] <0.138.0>@aaa_diameter_swm_cb:peer_down:{27,2} SWm peer down: {<0.146.0>,{diameter_caps,{"aaa.epc.mnc435.mcc311.3gppnetwork.org","dra01.epc.mnc435.mcc311.3gppnetwork.org"},{"epc.mnc435.mcc311.3gppnetwork.org","epc.mnc435.mcc311.3gppnetwork.org"},{[{10,90,250,186}],[{10,90,250,35}]},{0,0},{"vectorcore-aaa","VectorCore DRA"},{[],[1778618795]},{[10415,13019,5535],[10415]},{[],[4294967295]},{[],[0]},{[],[]},{[{'diameter_base_Vendor-Specific-Application-Id',10415,[16777264],[]},{'diameter_base_Vendor-Specific-Application-Id',10415,[16777272],[]},{'diameter_base_Vendor-Specific-Application-Id',10415,[16777265],[]}],[]},{[],[1]},{[],[]}}}
2026-05-12 21:55:23.247 [info] <0.138.0>@aaa_diameter_swx_cb:peer_up:{52,5} Peer up: {<0.163.0>,{diameter_caps,{"aaa.epc.mnc435.mcc311.3gppnetwork.org","dra01.epc.mnc435.mcc311.3gppnetwork.org"},{"epc.mnc435.mcc311.3gppnetwork.org","epc.mnc435.mcc311.3gppnetwork.org"},{[{10,90,250,186}],[{10,90,250,35}]},{0,0},{"vectorcore-aaa","VectorCore DRA"},{[],[1778618795]},{[10415,13019,5535],[10415]},{[],[4294967295]},{[],[0]},{[],[]},{[{'diameter_base_Vendor-Specific-Application-Id',10415,[16777264],[]},{'diameter_base_Vendor-Specific-Application-Id',10415,[16777272],[]},{'diameter_base_Vendor-Specific-Application-Id',10415,[16777265],[]}],[]},{[],[1]},{[],[]}}}
2026-05-12 21:55:23.247 [info] <0.138.0>@aaa_diameter_s6b_cb:peer_up:{53,5} Peer up: {<0.163.0>,{diameter_caps,{"aaa.epc.mnc435.mcc311.3gppnetwork.org","dra01.epc.mnc435.mcc311.3gppnetwork.org"},{"epc.mnc435.mcc311.3gppnetwork.org","epc.mnc435.mcc311.3gppnetwork.org"},{[{10,90,250,186}],[{10,90,250,35}]},{0,0},{"vectorcore-aaa","VectorCore DRA"},{[],[1778618795]},{[10415,13019,5535],[10415]},{[],[4294967295]},{[],[0]},{[],[]},{[{'diameter_base_Vendor-Specific-Application-Id',10415,[16777264],[]},{'diameter_base_Vendor-Specific-Application-Id',10415,[16777272],[]},{'diameter_base_Vendor-Specific-Application-Id',10415,[16777265],[]}],[]},{[],[1]},{[],[]}}}
2026-05-12 21:55:23.248 [info] <0.138.0>@aaa_diameter_swm_cb:peer_up:{23,2} SWm peer up: {<0.163.0>,{diameter_caps,{"aaa.epc.mnc435.mcc311.3gppnetwork.org","dra01.epc.mnc435.mcc311.3gppnetwork.org"},{"epc.mnc435.mcc311.3gppnetwork.org","epc.mnc435.mcc311.3gppnetwork.org"},{[{10,90,250,186}],[{10,90,250,35}]},{0,0},{"vectorcore-aaa","VectorCore DRA"},{[],[1778618795]},{[10415,13019,5535],[10415]},{[],[4294967295]},{[],[0]},{[],[]},{[{'diameter_base_Vendor-Specific-Application-Id',10415,[16777264],[]},{'diameter_base_Vendor-Specific-Application-Id',10415,[16777272],[]},{'diameter_base_Vendor-Specific-Application-Id',10415,[16777265],[]}],[]},{[],[1]},{[],[]}}}
2026-05-12 21:55:31.941 [debug] <0.102.0>@lager_handler_watcher:127 Lager installed handler {lager_file_backend,"console.log"} into lager_event
2026-05-12 21:55:31.941 [debug] <0.105.0>@lager_handler_watcher:127 Lager installed handler {lager_file_backend,"error.log"} into lager_event
2026-05-12 21:55:31.948 [debug] <0.111.0>@lager_handler_watcher:127 Lager installed handler error_logger_lager_h into error_logger
2026-05-12 21:55:32.244 [notice] <0.134.0>@vectorcore_aaa_app:start:{7,2} vectorcore-aaa app started
2026-05-12 21:55:32.246 [notice] <0.135.0>@vectorcore_aaa_sup:init:{13,2} vectorcore-aaa starting AAA services
2026-05-12 21:55:32.425 [debug] <0.98.0>@lager_handler_watcher:127 Lager installed handler lager_backend_throttle into lager_event
2026-05-12 21:55:32.430 [notice] <0.136.0>@vectorcore_aaa_diameter:listen:{132,2} vectorcore_aaa Diameter listening on IP 10.90.250.186 port 3868 proto sctp
2026-05-12 21:55:32.437 [notice] <0.136.0>@vectorcore_aaa_diameter:listen:{140,2} vectorcore_aaa Diameter listen transport result: {ok,#Ref<0.3717093106.3668705287.157632>}
2026-05-12 21:55:32.437 [notice] <0.136.0>@vectorcore_aaa_diameter:connect_peer:{111,3} vectorcore_aaa Diameter peer dra01 active connect local="10.90.250.186":0 remote="10.90.250.35":3868 proto=sctp apps=[swm,s6b,swx]
2026-05-12 21:55:32.437 [notice] <0.136.0>@vectorcore_aaa_diameter:connect:{147,2} vectorcore_aaa Diameter connecting from "10.90.250.186":0 to "10.90.250.35":3868 proto sctp
2026-05-12 21:55:32.438 [notice] <0.136.0>@vectorcore_aaa_diameter:connect:{158,2} vectorcore_aaa Diameter connect transport result: {ok,#Ref<0.3717093106.3668705287.157666>}
2026-05-12 21:55:32.463 [info] <0.138.0>@aaa_diameter_swx_cb:peer_up:{52,5} Peer up: {<0.147.0>,{diameter_caps,{"aaa.epc.mnc435.mcc311.3gppnetwork.org","dra01.epc.mnc435.mcc311.3gppnetwork.org"},{"epc.mnc435.mcc311.3gppnetwork.org","epc.mnc435.mcc311.3gppnetwork.org"},{[{10,90,250,186}],[{10,90,250,35}]},{0,0},{"vectorcore-aaa","VectorCore DRA"},{[],[1778618795]},{[10415,13019,5535],[10415]},{[],[4294967295]},{[],[0]},{[],[]},{[{'diameter_base_Vendor-Specific-Application-Id',10415,[16777264],[]},{'diameter_base_Vendor-Specific-Application-Id',10415,[16777272],[]},{'diameter_base_Vendor-Specific-Application-Id',10415,[16777265],[]}],[]},{[],[1]},{[],[]}}}
2026-05-12 21:55:32.466 [info] <0.138.0>@aaa_diameter_s6b_cb:peer_up:{53,5} Peer up: {<0.147.0>,{diameter_caps,{"aaa.epc.mnc435.mcc311.3gppnetwork.org","dra01.epc.mnc435.mcc311.3gppnetwork.org"},{"epc.mnc435.mcc311.3gppnetwork.org","epc.mnc435.mcc311.3gppnetwork.org"},{[{10,90,250,186}],[{10,90,250,35}]},{0,0},{"vectorcore-aaa","VectorCore DRA"},{[],[1778618795]},{[10415,13019,5535],[10415]},{[],[4294967295]},{[],[0]},{[],[]},{[{'diameter_base_Vendor-Specific-Application-Id',10415,[16777264],[]},{'diameter_base_Vendor-Specific-Application-Id',10415,[16777272],[]},{'diameter_base_Vendor-Specific-Application-Id',10415,[16777265],[]}],[]},{[],[1]},{[],[]}}}
2026-05-12 21:55:32.470 [info] <0.138.0>@aaa_diameter_swm_cb:peer_up:{23,2} SWm peer up: {<0.147.0>,{diameter_caps,{"aaa.epc.mnc435.mcc311.3gppnetwork.org","dra01.epc.mnc435.mcc311.3gppnetwork.org"},{"epc.mnc435.mcc311.3gppnetwork.org","epc.mnc435.mcc311.3gppnetwork.org"},{[{10,90,250,186}],[{10,90,250,35}]},{0,0},{"vectorcore-aaa","VectorCore DRA"},{[],[1778618795]},{[10415,13019,5535],[10415]},{[],[4294967295]},{[],[0]},{[],[]},{[{'diameter_base_Vendor-Specific-Application-Id',10415,[16777264],[]},{'diameter_base_Vendor-Specific-Application-Id',10415,[16777272],[]},{'diameter_base_Vendor-Specific-Application-Id',10415,[16777265],[]}],[]},{[],[1]},{[],[]}}}
2026-05-12 22:00:48.246 [debug] <0.111.0>@lager_handler_watcher:127 Lager installed handler error_logger_lager_h into error_logger
2026-05-12 22:00:48.242 [debug] <0.105.0>@lager_handler_watcher:127 Lager installed handler {lager_file_backend,"error.log"} into lager_event
2026-05-12 22:00:48.242 [debug] <0.102.0>@lager_handler_watcher:127 Lager installed handler {lager_file_backend,"console.log"} into lager_event
2026-05-12 22:00:48.524 [notice] <0.134.0>@vectorcore_aaa_app:start:{7,2} vectorcore-aaa app started
2026-05-12 22:00:48.525 [notice] <0.135.0>@vectorcore_aaa_sup:init:{13,2} vectorcore-aaa starting AAA services
2026-05-12 22:00:48.726 [debug] <0.98.0>@lager_handler_watcher:127 Lager installed handler lager_backend_throttle into lager_event
2026-05-12 22:00:48.752 [notice] <0.136.0>@vectorcore_aaa_diameter:listen:{132,2} vectorcore_aaa Diameter listening on IP 10.90.250.186 port 3868 proto sctp
2026-05-12 22:00:48.760 [notice] <0.136.0>@vectorcore_aaa_diameter:listen:{140,2} vectorcore_aaa Diameter listen transport result: {ok,#Ref<0.2579161877.2596012040.212151>}
2026-05-12 22:00:48.760 [notice] <0.136.0>@vectorcore_aaa_diameter:connect_peer:{111,3} vectorcore_aaa Diameter peer dra01 active connect local="10.90.250.186":0 remote="10.90.250.35":3868 proto=sctp apps=[swm,s6b,swx,sta]
2026-05-12 22:00:48.760 [notice] <0.136.0>@vectorcore_aaa_diameter:connect:{147,2} vectorcore_aaa Diameter connecting from "10.90.250.186":0 to "10.90.250.35":3868 proto sctp
2026-05-12 22:00:48.760 [notice] <0.136.0>@vectorcore_aaa_diameter:connect:{158,2} vectorcore_aaa Diameter connect transport result: {ok,#Ref<0.2579161877.2596012040.212186>}
2026-05-12 22:00:48.785 [info] <0.138.0>@aaa_diameter_swx_cb:peer_up:{52,5} Peer up: {<0.146.0>,{diameter_caps,{"aaa.epc.mnc435.mcc311.3gppnetwork.org","dra01.epc.mnc435.mcc311.3gppnetwork.org"},{"epc.mnc435.mcc311.3gppnetwork.org","epc.mnc435.mcc311.3gppnetwork.org"},{[{10,90,250,186}],[{10,90,250,35}]},{0,0},{"vectorcore-aaa","VectorCore DRA"},{[],[1778618795]},{[10415,13019,5535],[10415]},{[],[4294967295]},{[],[0]},{[],[]},{[{'diameter_base_Vendor-Specific-Application-Id',10415,[16777264],[]},{'diameter_base_Vendor-Specific-Application-Id',10415,[16777272],[]},{'diameter_base_Vendor-Specific-Application-Id',10415,[16777265],[]},{'diameter_base_Vendor-Specific-Application-Id',10415,[16777250],[]}],[]},{[],[1]},{[],[]}}}
2026-05-12 22:00:48.788 [info] <0.138.0>@aaa_diameter_s6b_cb:peer_up:{53,5} Peer up: {<0.146.0>,{diameter_caps,{"aaa.epc.mnc435.mcc311.3gppnetwork.org","dra01.epc.mnc435.mcc311.3gppnetwork.org"},{"epc.mnc435.mcc311.3gppnetwork.org","epc.mnc435.mcc311.3gppnetwork.org"},{[{10,90,250,186}],[{10,90,250,35}]},{0,0},{"vectorcore-aaa","VectorCore DRA"},{[],[1778618795]},{[10415,13019,5535],[10415]},{[],[4294967295]},{[],[0]},{[],[]},{[{'diameter_base_Vendor-Specific-Application-Id',10415,[16777264],[]},{'diameter_base_Vendor-Specific-Application-Id',10415,[16777272],[]},{'diameter_base_Vendor-Specific-Application-Id',10415,[16777265],[]},{'diameter_base_Vendor-Specific-Application-Id',10415,[16777250],[]}],[]},{[],[1]},{[],[]}}}
2026-05-12 22:00:48.791 [info] <0.138.0>@aaa_diameter_sta_cb:peer_up:{23,2} STa peer up: {<0.146.0>,{diameter_caps,{"aaa.epc.mnc435.mcc311.3gppnetwork.org","dra01.epc.mnc435.mcc311.3gppnetwork.org"},{"epc.mnc435.mcc311.3gppnetwork.org","epc.mnc435.mcc311.3gppnetwork.org"},{[{10,90,250,186}],[{10,90,250,35}]},{0,0},{"vectorcore-aaa","VectorCore DRA"},{[],[1778618795]},{[10415,13019,5535],[10415]},{[],[4294967295]},{[],[0]},{[],[]},{[{'diameter_base_Vendor-Specific-Application-Id',10415,[16777264],[]},{'diameter_base_Vendor-Specific-Application-Id',10415,[16777272],[]},{'diameter_base_Vendor-Specific-Application-Id',10415,[16777265],[]},{'diameter_base_Vendor-Specific-Application-Id',10415,[16777250],[]}],[]},{[],[1]},{[],[]}}}
2026-05-12 22:00:48.795 [info] <0.138.0>@aaa_diameter_swm_cb:peer_up:{23,2} SWm peer up: {<0.146.0>,{diameter_caps,{"aaa.epc.mnc435.mcc311.3gppnetwork.org","dra01.epc.mnc435.mcc311.3gppnetwork.org"},{"epc.mnc435.mcc311.3gppnetwork.org","epc.mnc435.mcc311.3gppnetwork.org"},{[{10,90,250,186}],[{10,90,250,35}]},{0,0},{"vectorcore-aaa","VectorCore DRA"},{[],[1778618795]},{[10415,13019,5535],[10415]},{[],[4294967295]},{[],[0]},{[],[]},{[{'diameter_base_Vendor-Specific-Application-Id',10415,[16777264],[]},{'diameter_base_Vendor-Specific-Application-Id',10415,[16777272],[]},{'diameter_base_Vendor-Specific-Application-Id',10415,[16777265],[]},{'diameter_base_Vendor-Specific-Application-Id',10415,[16777250],[]}],[]},{[],[1]},{[],[]}}}
2026-05-12 22:20:35.783 [debug] <0.105.0>@lager_handler_watcher:127 Lager installed handler {lager_file_backend,"error.log"} into lager_event
2026-05-12 22:20:35.783 [debug] <0.102.0>@lager_handler_watcher:127 Lager installed handler {lager_file_backend,"console.log"} into lager_event
2026-05-12 22:20:35.794 [debug] <0.111.0>@lager_handler_watcher:127 Lager installed handler error_logger_lager_h into error_logger
2026-05-12 22:20:36.082 [notice] <0.134.0>@vectorcore_aaa_app:start:{7,2} vectorcore-aaa app started
2026-05-12 22:20:36.083 [notice] <0.135.0>@vectorcore_aaa_sup:init:{13,2} vectorcore-aaa starting AAA services
2026-05-12 22:20:36.267 [debug] <0.98.0>@lager_handler_watcher:127 Lager installed handler lager_backend_throttle into lager_event
2026-05-12 22:20:36.314 [notice] <0.136.0>@vectorcore_aaa_diameter:listen:{132,2} vectorcore_aaa Diameter listening on IP 10.90.250.186 port 3868 proto sctp
2026-05-12 22:20:36.322 [notice] <0.136.0>@vectorcore_aaa_diameter:listen:{140,2} vectorcore_aaa Diameter listen transport result: {ok,#Ref<0.1731661334.3672375299.227116>}
2026-05-12 22:20:36.322 [notice] <0.136.0>@vectorcore_aaa_diameter:connect_peer:{111,3} vectorcore_aaa Diameter peer dra01 active connect local="10.90.250.186":0 remote="10.90.250.35":3868 proto=sctp apps=[swm,s6b,swx,sta]
2026-05-12 22:20:36.323 [notice] <0.136.0>@vectorcore_aaa_diameter:connect:{147,2} vectorcore_aaa Diameter connecting from "10.90.250.186":0 to "10.90.250.35":3868 proto sctp
2026-05-12 22:20:36.323 [notice] <0.136.0>@vectorcore_aaa_diameter:connect:{158,2} vectorcore_aaa Diameter connect transport result: {ok,#Ref<0.1731661334.3672375298.227280>}
2026-05-12 22:20:36.350 [info] <0.138.0>@aaa_diameter_swx_cb:peer_up:{52,5} Peer up: {<0.146.0>,{diameter_caps,{"aaa.epc.mnc435.mcc311.3gppnetwork.org","dra01.epc.mnc435.mcc311.3gppnetwork.org"},{"epc.mnc435.mcc311.3gppnetwork.org","epc.mnc435.mcc311.3gppnetwork.org"},{[{10,90,250,186}],[{10,90,250,35}]},{0,0},{"vectorcore-aaa","VectorCore DRA"},{[],[1778618795]},{[10415,13019,5535],[10415]},{[],[4294967295]},{[],[0]},{[],[]},{[{'diameter_base_Vendor-Specific-Application-Id',10415,[16777264],[]},{'diameter_base_Vendor-Specific-Application-Id',10415,[16777272],[]},{'diameter_base_Vendor-Specific-Application-Id',10415,[16777265],[]},{'diameter_base_Vendor-Specific-Application-Id',10415,[16777250],[]}],[]},{[],[1]},{[],[]}}}
2026-05-12 22:20:36.354 [info] <0.138.0>@aaa_diameter_s6b_cb:peer_up:{53,5} Peer up: {<0.146.0>,{diameter_caps,{"aaa.epc.mnc435.mcc311.3gppnetwork.org","dra01.epc.mnc435.mcc311.3gppnetwork.org"},{"epc.mnc435.mcc311.3gppnetwork.org","epc.mnc435.mcc311.3gppnetwork.org"},{[{10,90,250,186}],[{10,90,250,35}]},{0,0},{"vectorcore-aaa","VectorCore DRA"},{[],[1778618795]},{[10415,13019,5535],[10415]},{[],[4294967295]},{[],[0]},{[],[]},{[{'diameter_base_Vendor-Specific-Application-Id',10415,[16777264],[]},{'diameter_base_Vendor-Specific-Application-Id',10415,[16777272],[]},{'diameter_base_Vendor-Specific-Application-Id',10415,[16777265],[]},{'diameter_base_Vendor-Specific-Application-Id',10415,[16777250],[]}],[]},{[],[1]},{[],[]}}}
2026-05-12 22:20:36.357 [info] <0.138.0>@aaa_diameter_sta_cb:peer_up:{23,2} STa peer up: {<0.146.0>,{diameter_caps,{"aaa.epc.mnc435.mcc311.3gppnetwork.org","dra01.epc.mnc435.mcc311.3gppnetwork.org"},{"epc.mnc435.mcc311.3gppnetwork.org","epc.mnc435.mcc311.3gppnetwork.org"},{[{10,90,250,186}],[{10,90,250,35}]},{0,0},{"vectorcore-aaa","VectorCore DRA"},{[],[1778618795]},{[10415,13019,5535],[10415]},{[],[4294967295]},{[],[0]},{[],[]},{[{'diameter_base_Vendor-Specific-Application-Id',10415,[16777264],[]},{'diameter_base_Vendor-Specific-Application-Id',10415,[16777272],[]},{'diameter_base_Vendor-Specific-Application-Id',10415,[16777265],[]},{'diameter_base_Vendor-Specific-Application-Id',10415,[16777250],[]}],[]},{[],[1]},{[],[]}}}
2026-05-12 22:20:36.361 [info] <0.138.0>@aaa_diameter_swm_cb:peer_up:{23,2} SWm peer up: {<0.146.0>,{diameter_caps,{"aaa.epc.mnc435.mcc311.3gppnetwork.org","dra01.epc.mnc435.mcc311.3gppnetwork.org"},{"epc.mnc435.mcc311.3gppnetwork.org","epc.mnc435.mcc311.3gppnetwork.org"},{[{10,90,250,186}],[{10,90,250,35}]},{0,0},{"vectorcore-aaa","VectorCore DRA"},{[],[1778618795]},{[10415,13019,5535],[10415]},{[],[4294967295]},{[],[0]},{[],[]},{[{'diameter_base_Vendor-Specific-Application-Id',10415,[16777264],[]},{'diameter_base_Vendor-Specific-Application-Id',10415,[16777272],[]},{'diameter_base_Vendor-Specific-Application-Id',10415,[16777265],[]},{'diameter_base_Vendor-Specific-Application-Id',10415,[16777250],[]}],[]},{[],[1]},{[],[]}}}
